 VideoMFC

 Timestamp is 559dd586 (Thu Jul 09 09:59:34 2015)

 Preferred load address is 00400000

 Start         Length     Name                   Class
 0001:00000000 00010000H .textbss                DATA
 0002:00000000 000207d7H .text                   CODE
 0002:000207e0 0000282eH .text$x                 CODE
 0002:00023010 00001ea1H .text$yc                CODE
 0002:00024ec0 00001282H .text$yd                CODE
 0003:00000000 00000104H .CRT$XCA                DATA
 0003:00000104 00000104H .CRT$XCAA               DATA
 0003:00000208 00000109H .CRT$XCL                DATA
 0003:00000314 00000324H .CRT$XCU                DATA
 0003:00000638 00000104H .CRT$XCZ                DATA
 0003:0000073c 00000104H .CRT$XIA                DATA
 0003:00000840 00000104H .CRT$XIAA               DATA
 0003:00000944 00000104H .CRT$XIC                DATA
 0003:00000a48 00000104H .CRT$XIY                DATA
 0003:00000b4c 00000104H .CRT$XIZ                DATA
 0003:00000c50 00002ea6H .rdata                  DATA
 0003:00003af8 00000178H .rdata$debug            DATA
 0003:00003c70 00001210H .rdata$r                DATA
 0003:00004e80 00000104H .rtc$IAA                DATA
 0003:00004f84 00000118H .rtc$IMZ                DATA
 0003:0000509c 00000104H .rtc$IZZ                DATA
 0003:000051a0 00000104H .rtc$TAA                DATA
 0003:000052a4 00000118H .rtc$TMZ                DATA
 0003:000053bc 00000104H .rtc$TZZ                DATA
 0003:000054c0 00001866H .xdata$x                DATA
 0003:00006d28 00000104H ATL$__a                 DATA
 0003:00006e2c 00000104H ATL$__z                 DATA
 0003:00006f30 00000000H .edata                  DATA
 0004:00000000 000010e1H .data                   DATA
 0004:000010e8 000006d0H .bss                    DATA
 0005:00000000 00000104H .idata$2                DATA
 0005:00000104 00000014H .idata$3                DATA
 0005:00000118 00000ae0H .idata$4                DATA
 0005:00000bf8 00000ae0H .idata$5                DATA
 0005:000016d8 0000270bH .idata$6                DATA
 0006:00000000 00000606H .rsrc$01                DATA
 0006:00000610 00014c03H .rsrc$02                DATA

  Address         Publics by Value              Rva+Base       Lib:Object

 0000:00000000       ___safe_se_handler_count   00000000     <absolute>
 0000:00000000       ___safe_se_handler_table   00000000     <absolute>
 0000:00000000       __except_list              00000000     <absolute>
 0000:00009876       __fltused                  00009876     <absolute>
 0000:00009876       __ldused                   00009876     <absolute>
 0000:00000000       ___ImageBase               00400000     <linker-defined>
 0001:00000000       __enc$textbss$begin        00401000     <linker-defined>
 0001:00010000       __enc$textbss$end          00411000     <linker-defined>
 0002:00002bc0       ?FillBitmapInfo@@YAXPAUtagBITMAPINFO@@HHHH@Z 00413bc0 f   CvvImage.obj
 0002:00002d80       ??0CvvImage@@QAE@XZ        00413d80 f   CvvImage.obj
 0002:00002dd0       ?LoadRect@CvvImage@@UAE_NPBDHUtagRECT@@@Z 00413dd0 f i CvvImage.obj
 0002:00002ef0       ?cvRect@@YA?AUCvRect@@HHHH@Z 00413ef0 f i CvvImage.obj
 0002:00002fb0       ??_GCvvImage@@UAEPAXI@Z    00413fb0 f i CvvImage.obj
 0002:00002fb0       ??_ECvvImage@@UAEPAXI@Z    00413fb0 f i CvvImage.obj
 0002:00003020       ?Destroy@CvvImage@@UAEXXZ  00414020 f   CvvImage.obj
 0002:00003080       ??1CvvImage@@UAE@XZ        00414080 f   CvvImage.obj
 0002:000030e0       ?Create@CvvImage@@UAE_NHHHH@Z 004140e0 f   CvvImage.obj
 0002:000032b0       ?cvSize@@YA?AUCvSize@@HH@Z 004142b0 f i CvvImage.obj
 0002:00003330       ?Bpp@CvvImage@@QAEHXZ      00414330 f i CvvImage.obj
 0002:000033b0       ?CopyOf@CvvImage@@UAEXAAV1@H@Z 004143b0 f   CvvImage.obj
 0002:00003440       ?GetImage@CvvImage@@QAEPAU_IplImage@@XZ 00414440 f i CvvImage.obj
 0002:00003480       ?CopyOf@CvvImage@@UAEXPAU_IplImage@@H@Z 00414480 f   CvvImage.obj
 0002:00003630       ?Load@CvvImage@@UAE_NPBDH@Z 00414630 f   CvvImage.obj
 0002:00003710       ?LoadRect@CvvImage@@UAE_NPBDHUCvRect@@@Z 00414710 f   CvvImage.obj
 0002:00003950       ?Save@CvvImage@@UAE_NPBD@Z 00414950 f   CvvImage.obj
 0002:000039d0       ?Show@CvvImage@@UAEXPBD@Z  004149d0 f   CvvImage.obj
 0002:00003a40       ?Show@CvvImage@@UAEXPAUHDC__@@HHHHHH@Z 00414a40 f   CvvImage.obj
 0002:00003de0       ?DrawToHDC@CvvImage@@UAEXPAUHDC__@@PAUtagRECT@@@Z 00414de0 f   CvvImage.obj
 0002:000041c0       ?RectToCvRect@@YA?AUCvRect@@UtagRECT@@@Z 004151c0 f i CvvImage.obj
 0002:00004340       ?NormalizeRect@@YA?AUtagRECT@@U1@@Z 00415340 f i CvvImage.obj
 0002:00004410       ?Fill@CvvImage@@UAEXH@Z    00415410 f   CvvImage.obj
 0002:00004560       ?cvScalar@@YA?AUCvScalar@@NNNN@Z 00415560 f i CvvImage.obj
 0002:00004630       ?detect_and_draw@@YAXPAU_IplImage@@@Z 00415630 f   detect_recog.obj
 0002:000050b0       ?cvRound@@YAHN@Z           004160b0 f i detect_recog.obj
 0002:00005100       ?recog_and_draw@@YAXPAU_IplImage@@@Z 00416100 f   detect_recog.obj
 0002:00005e90       ??1Mat@cv@@QAE@XZ          00416e90 f i detect_recog.obj
 0002:00005f10       ?release@Mat@cv@@QAEXXZ    00416f10 f i detect_recog.obj
 0002:00006000       ??_D?$basic_stringstream@DU?$char_traits@D@std@@V?$allocator@D@2@@std@@QAEXXZ 00417000 f i detect_recog.obj
 0002:00006070       ?cvText@@YAXPAU_IplImage@@PBDHH@Z 00417070 f   detect_recog.obj
 0002:00006280       ?cvPoint@@YA?AUCvPoint@@HH@Z 00417280 f i detect_recog.obj
 0002:00006300       ?norm_0_255@@YA?AVMat@cv@@ABV_InputArray@2@@Z 00417300 f   detect_recog.obj
 0002:00006570       ??0Mat@cv@@QAE@XZ          00417570 f i detect_recog.obj
 0002:000065f0       ?initEmpty@Mat@cv@@IAEXXZ  004175f0 f i detect_recog.obj
 0002:000066a0       ??0Mat@cv@@QAE@ABV01@@Z    004176a0 f i detect_recog.obj
 0002:00006840       ?channels@Mat@cv@@QBEHXZ   00417840 f i detect_recog.obj
 0002:00006890       ??0MSize@Mat@cv@@QAE@PAH@Z 00417890 f i detect_recog.obj
 0002:000068e0       ??0MStep@Mat@cv@@QAE@XZ    004178e0 f i detect_recog.obj
 0002:00006950       ??AMStep@Mat@cv@@QBEABIH@Z 00417950 f i detect_recog.obj
 0002:000069a0       ??AMStep@Mat@cv@@QAEAAIH@Z 004179a0 f i detect_recog.obj
 0002:000069f0       ?read_csv@@YAXABV?$basic_string@DU?$char_traits@D@std@@V?$allocator@D@2@@std@@AAV?$vector@VMat@cv@@V?$allocator@VMat@cv@@@std@@@2@AAV?$vector@HV?$allocator@H@std@@@2@D@Z 004179f0 f   detect_recog.obj
 0002:00006eb0       ??_D?$basic_ifstream@DU?$char_traits@D@std@@@std@@QAEXXZ 00417eb0 f i detect_recog.obj
 0002:00006f20       ?read_img@@YA_NAAV?$vector@VMat@cv@@V?$allocator@VMat@cv@@@std@@@std@@AAV?$vector@HV?$allocator@H@std@@@2@@Z 00417f20 f   detect_recog.obj
 0002:000072c0       ?read_img_number@@YAHXZ    004182c0 f   detect_recog.obj
 0002:000074c0       ?delete_img@@YA_NXZ        004184c0 f   detect_recog.obj
 0002:00007520       ??0?$basic_string@DU?$char_traits@D@std@@V?$allocator@D@2@@std@@QAE@XZ 00418520 f i detect_recog.obj
 0002:000075e0       ??0?$basic_string@DU?$char_traits@D@std@@V?$allocator@D@2@@std@@QAE@PBD@Z 004185e0 f i detect_recog.obj
 0002:000076b0       ??1?$basic_string@DU?$char_traits@D@std@@V?$allocator@D@2@@std@@QAE@XZ 004186b0 f i detect_recog.obj
 0002:00007760       ?c_str@?$basic_string@DU?$char_traits@D@std@@V?$allocator@D@2@@std@@QBEPBDXZ 00418760 f i detect_recog.obj
 0002:000077b0       ?empty@?$basic_string@DU?$char_traits@D@std@@V?$allocator@D@2@@std@@QBE_NXZ 004187b0 f i detect_recog.obj
 0002:00007800       ?push_back@?$vector@HV?$allocator@H@std@@@std@@QAEX$$QAH@Z 00418800 f i detect_recog.obj
 0002:00007990       ?push_back@?$vector@VMat@cv@@V?$allocator@VMat@cv@@@std@@@std@@QAEX$$QAVMat@cv@@@Z 00418990 f i detect_recog.obj
 0002:00007b30       ??0?$basic_stringstream@DU?$char_traits@D@std@@V?$allocator@D@2@@std@@QAE@H@Z 00418b30 f i detect_recog.obj
 0002:00007c70       ??0?$basic_stringstream@DU?$char_traits@D@std@@V?$allocator@D@2@@std@@QAE@ABV?$basic_string@DU?$char_traits@D@std@@V?$allocator@D@2@@1@H@Z 00418c70 f i detect_recog.obj
 0002:00007dc0       ??1?$basic_stringstream@DU?$char_traits@D@std@@V?$allocator@D@2@@std@@UAE@XZ 00418dc0 f i detect_recog.obj
 0002:00007e90       ?str@?$basic_stringstream@DU?$char_traits@D@std@@V?$allocator@D@2@@std@@QBE?AV?$basic_string@DU?$char_traits@D@std@@V?$allocator@D@2@@2@XZ 00418e90 f i detect_recog.obj
 0002:00007f10       ??1?$basic_stringbuf@DU?$char_traits@D@std@@V?$allocator@D@2@@std@@UAE@XZ 00418f10 f i detect_recog.obj
 0002:00007fd0       ?overflow@?$basic_stringbuf@DU?$char_traits@D@std@@V?$allocator@D@2@@std@@MAEHH@Z 00418fd0 f i detect_recog.obj
 0002:000084f0       ?copy@?$char_traits@D@std@@SAPADPADPBDI@Z 004194f0 f i detect_recog.obj
 0002:00008550       ?to_char_type@?$char_traits@D@std@@SADABH@Z 00419550 f i detect_recog.obj
 0002:00008590       ?eq_int_type@?$char_traits@D@std@@SA_NABH0@Z 00419590 f i detect_recog.obj
 0002:000085e0       ?not_eof@?$char_traits@D@std@@SAHABH@Z 004195e0 f i detect_recog.obj
 0002:00008660       ?eof@?$char_traits@D@std@@SAHXZ 00419660 f i detect_recog.obj
 0002:000086a0       ?pbackfail@?$basic_stringbuf@DU?$char_traits@D@std@@V?$allocator@D@2@@std@@MAEHH@Z 004196a0 f i detect_recog.obj
 0002:00008860       ?eq@?$char_traits@D@std@@SA_NABD0@Z 00419860 f i detect_recog.obj
 0002:000088b0       ?underflow@?$basic_stringbuf@DU?$char_traits@D@std@@V?$allocator@D@2@@std@@MAEHXZ 004198b0 f i detect_recog.obj
 0002:00008ad0       ?to_int_type@?$char_traits@D@std@@SAHABD@Z 00419ad0 f i detect_recog.obj
 0002:00008b10       ?seekoff@?$basic_stringbuf@DU?$char_traits@D@std@@V?$allocator@D@2@@std@@MAE?AV?$fpos@H@2@_JHH@Z 00419b10 f i detect_recog.obj
 0002:00008ff0       ?seekpos@?$basic_stringbuf@DU?$char_traits@D@std@@V?$allocator@D@2@@std@@MAE?AV?$fpos@H@2@V32@H@Z 00419ff0 f i detect_recog.obj
 0002:000093b0       ??0?$basic_ifstream@DU?$char_traits@D@std@@@std@@QAE@PBDHH@Z 0041a3b0 f i detect_recog.obj
 0002:00009540       ??1?$basic_ifstream@DU?$char_traits@D@std@@@std@@UAE@XZ 0041a540 f i detect_recog.obj
 0002:00009610       ??1?$basic_filebuf@DU?$char_traits@D@std@@@std@@UAE@XZ 0041a610 f i detect_recog.obj
 0002:000096f0       ?_Lock@?$basic_filebuf@DU?$char_traits@D@std@@@std@@UAEXXZ 0041a6f0 f i detect_recog.obj
 0002:00009760       ?_Unlock@?$basic_filebuf@DU?$char_traits@D@std@@@std@@UAEXXZ 0041a760 f i detect_recog.obj
 0002:000097d0       ?overflow@?$basic_filebuf@DU?$char_traits@D@std@@@std@@MAEHH@Z 0041a7d0 f i detect_recog.obj
 0002:00009e60       ??$_Fputc@D@std@@YA_NDPAU_iobuf@@@Z 0041ae60 f i detect_recog.obj
 0002:00009ed0       ?size@?$basic_string@DU?$char_traits@D@std@@V?$allocator@D@2@@std@@QBEIXZ 0041aed0 f i detect_recog.obj
 0002:00009f10       ?pbackfail@?$basic_filebuf@DU?$char_traits@D@std@@@std@@MAEHH@Z 0041af10 f i detect_recog.obj
 0002:0000a150       ??$_Ungetc@D@std@@YA_NABDPAU_iobuf@@@Z 0041b150 f i detect_recog.obj
 0002:0000a1c0       ?underflow@?$basic_filebuf@DU?$char_traits@D@std@@@std@@MAEHXZ 0041b1c0 f i detect_recog.obj
 0002:0000a330       ?uflow@?$basic_filebuf@DU?$char_traits@D@std@@@std@@MAEHXZ 0041b330 f i detect_recog.obj
 0002:0000a960       ??$_Fgetc@D@std@@YA_NAADPAU_iobuf@@@Z 0041b960 f i detect_recog.obj
 0002:0000a9e0       ?seekoff@?$basic_filebuf@DU?$char_traits@D@std@@@std@@MAE?AV?$fpos@H@2@_JHH@Z 0041b9e0 f i detect_recog.obj
 0002:0000ab90       ?seekpos@?$basic_filebuf@DU?$char_traits@D@std@@@std@@MAE?AV?$fpos@H@2@V32@H@Z 0041bb90 f i detect_recog.obj
 0002:0000ad60       ?setbuf@?$basic_filebuf@DU?$char_traits@D@std@@@std@@MAEPAV?$basic_streambuf@DU?$char_traits@D@std@@@2@PAD_J@Z 0041bd60 f i detect_recog.obj
 0002:0000ae40       ?sync@?$basic_filebuf@DU?$char_traits@D@std@@@std@@MAEHXZ 0041be40 f i detect_recog.obj
 0002:0000af40       ?imbue@?$basic_filebuf@DU?$char_traits@D@std@@@std@@MAEXABVlocale@2@@Z 0041bf40 f i detect_recog.obj
 0002:0000afb0       ??1?$_String_iterator@DU?$char_traits@D@std@@V?$allocator@D@2@@std@@QAE@XZ 0041bfb0 f i detect_recog.obj
 0002:0000b000       ??1?$_String_const_iterator@DU?$char_traits@D@std@@V?$allocator@D@2@@std@@QAE@XZ 0041c000 f i detect_recog.obj
 0002:0000b050       ??_E?$basic_stringstream@DU?$char_traits@D@std@@V?$allocator@D@2@@std@@UAEPAXI@Z 0041c050 f i detect_recog.obj
 0002:0000b050       ??_G?$basic_stringstream@DU?$char_traits@D@std@@V?$allocator@D@2@@std@@UAEPAXI@Z 0041c050 f i detect_recog.obj
 0002:0000b0d0       ??_G?$basic_stringbuf@DU?$char_traits@D@std@@V?$allocator@D@2@@std@@UAEPAXI@Z 0041c0d0 f i detect_recog.obj
 0002:0000b0d0       ??_E?$basic_stringbuf@DU?$char_traits@D@std@@V?$allocator@D@2@@std@@UAEPAXI@Z 0041c0d0 f i detect_recog.obj
 0002:0000b140       ??_E?$basic_ifstream@DU?$char_traits@D@std@@@std@@UAEPAXI@Z 0041c140 f i detect_recog.obj
 0002:0000b140       ??_G?$basic_ifstream@DU?$char_traits@D@std@@@std@@UAEPAXI@Z 0041c140 f i detect_recog.obj
 0002:0000b1c0       ??_G?$basic_filebuf@DU?$char_traits@D@std@@@std@@UAEPAXI@Z 0041c1c0 f i detect_recog.obj
 0002:0000b1c0       ??_E?$basic_filebuf@DU?$char_traits@D@std@@@std@@UAEPAXI@Z 0041c1c0 f i detect_recog.obj
 0002:0000b230       ??1?$_Iterator012@Urandom_access_iterator_tag@std@@DHPBDABDU_Iterator_base12@2@@std@@QAE@XZ 0041c230 f i detect_recog.obj
 0002:0000b280       ??1_Iterator_base12@std@@QAE@XZ 0041c280 f i detect_recog.obj
 0002:0000b380       ?_Orphan_me@_Iterator_base12@std@@QAEXXZ 0041c380 f i detect_recog.obj
 0002:0000b450       ??0?$basic_string@DU?$char_traits@D@std@@V?$allocator@D@2@@std@@QAE@ID@Z 0041c450 f i detect_recog.obj
 0002:0000b520       ?append@?$basic_string@DU?$char_traits@D@std@@V?$allocator@D@2@@std@@QAEAAV12@ID@Z 0041c520 f i detect_recog.obj
 0002:0000b5f0       ?assign@?$basic_string@DU?$char_traits@D@std@@V?$allocator@D@2@@std@@QAEAAV12@PBD@Z 0041c5f0 f i detect_recog.obj
 0002:0000b680       ?length@?$char_traits@D@std@@SAIPBD@Z 0041c680 f i detect_recog.obj
 0002:0000b6d0       ?erase@?$basic_string@DU?$char_traits@D@std@@V?$allocator@D@2@@std@@QAEAAV12@II@Z 0041c6d0 f i detect_recog.obj
 0002:0000b7c0       ?move@?$char_traits@D@std@@SAPADPADPBDI@Z 0041c7c0 f i detect_recog.obj
 0002:0000b830       ?begin@?$basic_string@DU?$char_traits@D@std@@V?$allocator@D@2@@std@@QAE?AV?$_String_iterator@DU?$char_traits@D@std@@V?$allocator@D@2@@2@XZ 0041c830 f i detect_recog.obj
 0002:0000b8c0       ?_Tidy@?$basic_string@DU?$char_traits@D@std@@V?$allocator@D@2@@std@@QAEX_NI@Z 0041c8c0 f i detect_recog.obj
 0002:0000b990       ?_Myptr@?$basic_string@DU?$char_traits@D@std@@V?$allocator@D@2@@std@@QBEPBDXZ 0041c990 f i detect_recog.obj
 0002:0000ba00       ??0?$_String_val@DV?$allocator@D@std@@@std@@QAE@V?$allocator@D@1@@Z 0041ca00 f i detect_recog.obj
 0002:0000bb50       ??0_Container_proxy@std@@QAE@XZ 0041cb50 f i detect_recog.obj
 0002:0000bba0       ??1?$_String_val@DV?$allocator@D@std@@@std@@QAE@XZ 0041cba0 f i detect_recog.obj
 0002:0000bce0       ??0?$allocator@D@std@@QAE@XZ 0041cce0 f i detect_recog.obj
 0002:0000bd20       ??0?$allocator@D@std@@QAE@ABV01@@Z 0041cd20 f i detect_recog.obj
 0002:0000bd60       ?deallocate@?$allocator@D@std@@QAEXPADI@Z 0041cd60 f i detect_recog.obj
 0002:0000bdc0       ?allocate@?$allocator@D@std@@QAEPADI@Z 0041cdc0 f i detect_recog.obj
 0002:0000be20       ?_Inside@?$vector@HV?$allocator@H@std@@@std@@IBE_NPBH@Z 0041ce20 f i detect_recog.obj
 0002:0000bea0       ?_Reserve@?$vector@HV?$allocator@H@std@@@std@@IAEXI@Z 0041cea0 f i detect_recog.obj
 0002:0000bf50       ?size@?$vector@HV?$allocator@H@std@@@std@@QBEIXZ 0041cf50 f i detect_recog.obj
 0002:0000bfa0       ?_Orphan_range@?$vector@HV?$allocator@H@std@@@std@@IBEXPAH0@Z 0041cfa0 f i detect_recog.obj
 0002:0000c120       ?_Clrcont@_Iterator_base12@std@@QAEXXZ 0041d120 f i detect_recog.obj
 0002:0000c160       ?_Getpnext@_Iterator_base12@std@@QAEPAPAU12@XZ 0041d160 f i detect_recog.obj
 0002:0000c1a0       ?_Inside@?$vector@VMat@cv@@V?$allocator@VMat@cv@@@std@@@std@@IBE_NPBVMat@cv@@@Z 0041d1a0 f i detect_recog.obj
 0002:0000c220       ?_Reserve@?$vector@VMat@cv@@V?$allocator@VMat@cv@@@std@@@std@@IAEXI@Z 0041d220 f i detect_recog.obj
 0002:0000c2d0       ?_Orphan_range@?$vector@VMat@cv@@V?$allocator@VMat@cv@@@std@@@std@@IBEXPAVMat@cv@@0@Z 0041d2d0 f i detect_recog.obj
 0002:0000c450       ??0?$basic_stringbuf@DU?$char_traits@D@std@@V?$allocator@D@2@@std@@QAE@H@Z 0041d450 f i detect_recog.obj
 0002:0000c530       ??0?$basic_stringbuf@DU?$char_traits@D@std@@V?$allocator@D@2@@std@@QAE@ABV?$basic_string@DU?$char_traits@D@std@@V?$allocator@D@2@@1@H@Z 0041d530 f i detect_recog.obj
 0002:0000c630       ?str@?$basic_stringbuf@DU?$char_traits@D@std@@V?$allocator@D@2@@std@@QBE?AV?$basic_string@DU?$char_traits@D@std@@V?$allocator@D@2@@2@XZ 0041d630 f i detect_recog.obj
 0002:0000c960       ??0?$basic_string@DU?$char_traits@D@std@@V?$allocator@D@2@@std@@QAE@$$QAV01@@Z 0041d960 f i detect_recog.obj
 0002:0000ca50       ??0?$basic_string@DU?$char_traits@D@std@@V?$allocator@D@2@@std@@QAE@PBDI@Z 0041da50 f i detect_recog.obj
 0002:0000cb20       ?assign@?$basic_string@DU?$char_traits@D@std@@V?$allocator@D@2@@std@@QAEAAV12@$$QAV12@@Z 0041db20 f i detect_recog.obj
 0002:0000cc70       ??4?$basic_string@DU?$char_traits@D@std@@V?$allocator@D@2@@std@@QAEAAV01@ABV01@@Z 0041dc70 f i detect_recog.obj
 0002:0000ccd0       ?_Tidy@?$basic_stringbuf@DU?$char_traits@D@std@@V?$allocator@D@2@@std@@IAEXXZ 0041dcd0 f i detect_recog.obj
 0002:0000ce30       ??0?$basic_filebuf@DU?$char_traits@D@std@@@std@@QAE@PAU_iobuf@@@Z 0041de30 f i detect_recog.obj
 0002:0000cf00       ?open@?$basic_filebuf@DU?$char_traits@D@std@@@std@@QAEPAV12@PBDHH@Z 0041df00 f i detect_recog.obj
 0002:0000d050       ??1locale@std@@QAE@XZ      0041e050 f i detect_recog.obj
 0002:0000d0d0       ?close@?$basic_filebuf@DU?$char_traits@D@std@@@std@@QAEPAV12@XZ 0041e0d0 f i detect_recog.obj
 0002:0000d190       ?_Init@?$basic_filebuf@DU?$char_traits@D@std@@@std@@IAEXPAU_iobuf@@W4_Initfl@12@@Z 0041e190 f i detect_recog.obj
 0002:0000d2a0       ?_Endwrite@?$basic_filebuf@DU?$char_traits@D@std@@@std@@IAE_NXZ 0041e2a0 f i detect_recog.obj
 0002:0000d780       ?_Initcvt@?$basic_filebuf@DU?$char_traits@D@std@@@std@@IAEXPBV?$codecvt@DDH@2@@Z 0041e780 f i detect_recog.obj
 0002:0000d820       ?_Reset_back@?$basic_filebuf@DU?$char_traits@D@std@@@std@@AAEXXZ 0041e820 f i detect_recog.obj
 0002:0000d8c0       ?_Set_back@?$basic_filebuf@DU?$char_traits@D@std@@@std@@AAEXXZ 0041e8c0 f i detect_recog.obj
 0002:0000d9a0       ??D?$_String_iterator@DU?$char_traits@D@std@@V?$allocator@D@2@@std@@QBEAADXZ 0041e9a0 f i detect_recog.obj
 0002:0000d9f0       ??D?$_String_const_iterator@DU?$char_traits@D@std@@V?$allocator@D@2@@std@@QBEABDXZ 0041e9f0 f i detect_recog.obj
 0002:0000db40       ?_Getcont@_Iterator_base12@std@@QBEPBU_Container_base12@2@XZ 0041eb40 f i detect_recog.obj
 0002:0000dbb0       ??0?$fpos@H@std@@QAE@_J@Z  0041ebb0 f i detect_recog.obj
 0002:0000dc20       ??0?$fpos@H@std@@QAE@H_J@Z 0041ec20 f i detect_recog.obj
 0002:0000dc90       ?state@?$fpos@H@std@@QBEHXZ 0041ec90 f i detect_recog.obj
 0002:0000dcd0       ?seekpos@?$fpos@H@std@@QBE_JXZ 0041ecd0 f i detect_recog.obj
 0002:0000dd10       ??B?$fpos@H@std@@QBE_JXZ   0041ed10 f i detect_recog.obj
 0002:0000dd60       ?assign@?$basic_string@DU?$char_traits@D@std@@V?$allocator@D@2@@std@@QAEAAV12@ABV12@@Z 0041ed60 f i detect_recog.obj
 0002:0000ddc0       ?assign@?$basic_string@DU?$char_traits@D@std@@V?$allocator@D@2@@std@@QAEAAV12@ABV12@II@Z 0041edc0 f i detect_recog.obj
 0002:0000dee0       ?assign@?$basic_string@DU?$char_traits@D@std@@V?$allocator@D@2@@std@@QAEAAV12@PBDI@Z 0041eee0 f i detect_recog.obj
 0002:0000dfe0       ?assign@?$basic_string@DU?$char_traits@D@std@@V?$allocator@D@2@@std@@QAEAAV12@ID@Z 0041efe0 f i detect_recog.obj
 0002:0000e090       ?get_allocator@?$basic_string@DU?$char_traits@D@std@@V?$allocator@D@2@@std@@QBE?AV?$allocator@D@2@XZ 0041f090 f i detect_recog.obj
 0002:0000e0f0       ?_Chassign@?$basic_string@DU?$char_traits@D@std@@V?$allocator@D@2@@std@@QAEXIID@Z 0041f0f0 f i detect_recog.obj
 0002:0000e190       ?assign@?$char_traits@D@std@@SAPADPADID@Z 0041f190 f i detect_recog.obj
 0002:0000e1f0       ?assign@?$char_traits@D@std@@SAXAADABD@Z 0041f1f0 f i detect_recog.obj
 0002:0000e230       ?_Eos@?$basic_string@DU?$char_traits@D@std@@V?$allocator@D@2@@std@@QAEXI@Z 0041f230 f i detect_recog.obj
 0002:0000e2b0       ?_Grow@?$basic_string@DU?$char_traits@D@std@@V?$allocator@D@2@@std@@QAE_NI_N@Z 0041f2b0 f i detect_recog.obj
 0002:0000e3b0       ?_Myptr@?$basic_string@DU?$char_traits@D@std@@V?$allocator@D@2@@std@@QAEPADXZ 0041f3b0 f i detect_recog.obj
 0002:0000e420       ?_Xlen@?$basic_string@DU?$char_traits@D@std@@V?$allocator@D@2@@std@@QBEXXZ 0041f420 f i detect_recog.obj
 0002:0000e480       ?_Xran@?$basic_string@DU?$char_traits@D@std@@V?$allocator@D@2@@std@@QBEXXZ 0041f480 f i detect_recog.obj
 0002:0000e4e0       ?reserve@?$vector@HV?$allocator@H@std@@@std@@QAEXI@Z 0041f4e0 f i detect_recog.obj
 0002:0000e6c0       ?capacity@?$vector@HV?$allocator@H@std@@@std@@QBEIXZ 0041f6c0 f i detect_recog.obj
 0002:0000e710       ?max_size@?$vector@HV?$allocator@H@std@@@std@@QBEIXZ 0041f710 f i detect_recog.obj
 0002:0000e770       ?_Destroy@?$vector@HV?$allocator@H@std@@@std@@IAEXPAH0@Z 0041f770 f i detect_recog.obj
 0002:0000e7e0       ?_Grow_to@?$vector@HV?$allocator@H@std@@@std@@IBEII@Z 0041f7e0 f i detect_recog.obj
 0002:0000e890       ?_Xlen@?$vector@HV?$allocator@H@std@@@std@@IBEXXZ 0041f890 f i detect_recog.obj
 0002:0000e8f0       ?deallocate@?$allocator@H@std@@QAEXPAHI@Z 0041f8f0 f i detect_recog.obj
 0002:0000e950       ?reserve@?$vector@VMat@cv@@V?$allocator@VMat@cv@@@std@@@std@@QAEXI@Z 0041f950 f i detect_recog.obj
 0002:0000eb40       ?capacity@?$vector@VMat@cv@@V?$allocator@VMat@cv@@@std@@@std@@QBEIXZ 0041fb40 f i detect_recog.obj
 0002:0000eb90       ?size@?$vector@VMat@cv@@V?$allocator@VMat@cv@@@std@@@std@@QBEIXZ 0041fb90 f i detect_recog.obj
 0002:0000ebe0       ?max_size@?$vector@VMat@cv@@V?$allocator@VMat@cv@@@std@@@std@@QBEIXZ 0041fbe0 f i detect_recog.obj
 0002:0000ec40       ?_Grow_to@?$vector@VMat@cv@@V?$allocator@VMat@cv@@@std@@@std@@IBEII@Z 0041fc40 f i detect_recog.obj
 0002:0000ecf0       ?_Xlen@?$vector@VMat@cv@@V?$allocator@VMat@cv@@@std@@@std@@IBEXXZ 0041fcf0 f i detect_recog.obj
 0002:0000ed50       ?_Init@?$basic_stringbuf@DU?$char_traits@D@std@@V?$allocator@D@2@@std@@IAEXPBDIH@Z 0041fd50 f i detect_recog.obj
 0002:0000ef00       ?_Getstate@?$basic_stringbuf@DU?$char_traits@D@std@@V?$allocator@D@2@@std@@AAEHH@Z 0041ff00 f i detect_recog.obj
 0002:0000efa0       ??0?$_String_iterator@DU?$char_traits@D@std@@V?$allocator@D@2@@std@@QAE@PADPBU_Container_base12@1@@Z 0041ffa0 f i detect_recog.obj
 0002:0000f000       ?deallocate@?$allocator@U_Container_proxy@std@@@std@@QAEXPAU_Container_proxy@2@I@Z 00420000 f i detect_recog.obj
 0002:0000f060       ?allocate@?$allocator@U_Container_proxy@std@@@std@@QAEPAU_Container_proxy@2@I@Z 00420060 f i detect_recog.obj
 0002:0000f0c0       ?max_size@?$basic_string@DU?$char_traits@D@std@@V?$allocator@D@2@@std@@QBEIXZ 004200c0 f i detect_recog.obj
 0002:0000f150       ?_Copy@?$basic_string@DU?$char_traits@D@std@@V?$allocator@D@2@@std@@QAEXII@Z 00420150 f i detect_recog.obj
 0002:0000f380       ?_Inside@?$basic_string@DU?$char_traits@D@std@@V?$allocator@D@2@@std@@QAE_NPBD@Z 00420380 f i detect_recog.obj
 0002:0000f400       ?allocate@?$allocator@H@std@@QAEPAHI@Z 00420400 f i detect_recog.obj
 0002:0000f460       ?max_size@?$allocator@H@std@@QBEIXZ 00420460 f i detect_recog.obj
 0002:0000f4d0       ?_Destroy@?$vector@VMat@cv@@V?$allocator@VMat@cv@@@std@@@std@@IAEXPAVMat@cv@@0@Z 004204d0 f i detect_recog.obj
 0002:0000f540       ?deallocate@?$allocator@VMat@cv@@@std@@QAEXPAVMat@cv@@I@Z 00420540 f i detect_recog.obj
 0002:0000f5a0       ?allocate@?$allocator@VMat@cv@@@std@@QAEPAVMat@cv@@I@Z 004205a0 f i detect_recog.obj
 0002:0000f600       ?max_size@?$allocator@VMat@cv@@@std@@QBEIXZ 00420600 f i detect_recog.obj
 0002:0000f670       ??0?$_String_const_iterator@DU?$char_traits@D@std@@V?$allocator@D@2@@std@@QAE@PBDPBU_Container_base12@1@@Z 00420670 f i detect_recog.obj
 0002:0000f730       ?_Adopt@_Iterator_base12@std@@QAEXPBU_Container_base12@2@@Z 00420730 f i detect_recog.obj
 0002:0000f880       ??0?$_Iterator012@Urandom_access_iterator_tag@std@@DHPBDABDU_Iterator_base12@2@@std@@QAE@XZ 00420880 f i detect_recog.obj
 0002:0000f8e0       ??0_Iterator_base12@std@@QAE@XZ 004208e0 f i detect_recog.obj
 0002:0000f930       ?max_size@?$allocator@D@std@@QBEIXZ 00420930 f i detect_recog.obj
 0002:0000f9a0       ??$_DebugHeapDelete@Vfacet@locale@std@@@std@@YAXPAVfacet@locale@0@@Z 004209a0 f i detect_recog.obj
 0002:0000fa20       ??$?0H@_InputArray@cv@@QAE@ABV?$vector@HV?$allocator@H@std@@@std@@@Z 00420a20 f i detect_recog.obj
 0002:0000faa0       ??0?$Size_@H@cv@@QAE@XZ    00420aa0 f i detect_recog.obj
 0002:0000faf0       ??C?$Ptr@VFaceRecognizer@cv@@@cv@@QAEPAVFaceRecognizer@1@XZ 00420af0 f i detect_recog.obj
 0002:0000fb30       ??$getline@DU?$char_traits@D@std@@V?$allocator@D@2@@std@@YAAAV?$basic_istream@DU?$char_traits@D@std@@@0@AAV10@AAV?$basic_string@DU?$char_traits@D@std@@V?$allocator@D@2@@0@@Z 00420b30 f i detect_recog.obj
 0002:0000fbc0       ??$getline@DU?$char_traits@D@std@@V?$allocator@D@2@@std@@YAAAV?$basic_istream@DU?$char_traits@D@std@@@0@AAV10@AAV?$basic_string@DU?$char_traits@D@std@@V?$allocator@D@2@@0@D@Z 00420bc0 f i detect_recog.obj
 0002:0000fc30       ??$?HDU?$char_traits@D@std@@V?$allocator@D@1@@std@@YA?AV?$basic_string@DU?$char_traits@D@std@@V?$allocator@D@2@@0@ABV10@PBD@Z 00420c30 f i detect_recog.obj
 0002:0000fd90       ??Y?$basic_string@DU?$char_traits@D@std@@V?$allocator@D@2@@std@@QAEAAV01@ABV01@@Z 00420d90 f i detect_recog.obj
 0002:0000fdf0       ?reserve@?$basic_string@DU?$char_traits@D@std@@V?$allocator@D@2@@std@@QAEXI@Z 00420df0 f i detect_recog.obj
 0002:0000fe90       ?append@?$basic_string@DU?$char_traits@D@std@@V?$allocator@D@2@@std@@QAEAAV12@ABV12@@Z 00420e90 f i detect_recog.obj
 0002:0000fef0       ?append@?$basic_string@DU?$char_traits@D@std@@V?$allocator@D@2@@std@@QAEAAV12@ABV12@II@Z 00420ef0 f i detect_recog.obj
 0002:00010010       ??$forward@V?$allocator@D@std@@@std@@YA$$QAV?$allocator@D@0@AAV10@@Z 00421010 f i detect_recog.obj
 0002:00010050       ??$forward@V?$basic_string@DU?$char_traits@D@std@@V?$allocator@D@2@@std@@@std@@YA$$QAV?$basic_string@DU?$char_traits@D@std@@V?$allocator@D@2@@0@AAV10@@Z 00421050 f i detect_recog.obj
 0002:00010090       ??$_Debug_pointer@D@std@@YAXPBDPB_WI@Z 00421090 f i detect_recog.obj
 0002:00010100       ??$addressof@H@std@@YAPAHAAH@Z 00421100 f i detect_recog.obj
 0002:00010140       ??$forward@H@std@@YA$$QAHAAH@Z 00421140 f i detect_recog.obj
 0002:00010180       ??$_Cons_val@V?$allocator@H@std@@HH@std@@YAXAAV?$allocator@H@0@PAH$$QAH@Z 00421180 f i detect_recog.obj
 0002:000101e0       ??$addressof@VMat@cv@@@std@@YAPAVMat@cv@@AAV12@@Z 004211e0 f i detect_recog.obj
 0002:00010220       ??$forward@VMat@cv@@@std@@YA$$QAVMat@cv@@AAV12@@Z 00421220 f i detect_recog.obj
 0002:00010260       ??$_Cons_val@V?$allocator@VMat@cv@@@std@@VMat@cv@@V34@@std@@YAXAAV?$allocator@VMat@cv@@@0@PAVMat@cv@@$$QAV23@@Z 00421260 f i detect_recog.obj
 0002:000102c0       ??$use_facet@V?$codecvt@DDH@std@@@std@@YAABV?$codecvt@DDH@0@ABVlocale@0@@Z 004212c0 f i detect_recog.obj
 0002:000104d0       ?_Register@facet@locale@std@@QAEXXZ 004214d0 f i detect_recog.obj
 0002:00010530       ?_Getfacet@locale@std@@QBEPBVfacet@12@I@Z 00421530 f i detect_recog.obj
 0002:00010630       ??$?9DD@std@@YA_NABV?$allocator@D@0@0@Z 00421630 f i detect_recog.obj
 0002:00010690       ??$?0D@?$allocator@U_Container_proxy@std@@@std@@QAE@ABV?$allocator@D@1@@Z 00421690 f i detect_recog.obj
 0002:000106d0       ??$_Cons_val@V?$allocator@U_Container_proxy@std@@@std@@U_Container_proxy@2@U32@@std@@YAXAAV?$allocator@U_Container_proxy@std@@@0@PAU_Container_proxy@0@$$QAU20@@Z 004216d0 f i detect_recog.obj
 0002:00010730       ??$_Dest_val@V?$allocator@U_Container_proxy@std@@@std@@U_Container_proxy@2@@std@@YAXAAV?$allocator@U_Container_proxy@std@@@0@PAU_Container_proxy@0@@Z 00421730 f i detect_recog.obj
 0002:00010780       ??$_Allocate@D@std@@YAPADIPAD@Z 00421780 f i detect_recog.obj
 0002:00010830       ??0bad_alloc@std@@QAE@PBD@Z 00421830 f i detect_recog.obj
 0002:000108b0       ??1bad_alloc@std@@UAE@XZ   004218b0 f i detect_recog.obj
 0002:00010920       ??_Gbad_alloc@std@@UAEPAXI@Z 00421920 f i detect_recog.obj
 0002:00010920       ??_Ebad_alloc@std@@UAEPAXI@Z 00421920 f i detect_recog.obj
 0002:00010990       ??$_Umove@PAH@?$vector@HV?$allocator@H@std@@@std@@IAEPAHPAH00@Z 00421990 f i detect_recog.obj
 0002:00010a00       ??$_Destroy_range@V?$allocator@H@std@@@std@@YAXPAH0AAV?$allocator@H@0@@Z 00421a00 f i detect_recog.obj
 0002:00010a80       ??$_Umove@PAVMat@cv@@@?$vector@VMat@cv@@V?$allocator@VMat@cv@@@std@@@std@@IAEPAVMat@cv@@PAV23@00@Z 00421a80 f i detect_recog.obj
 0002:00010af0       ??$_Allocate@U_Container_proxy@std@@@std@@YAPAU_Container_proxy@0@IPAU10@@Z 00421af0 f i detect_recog.obj
 0002:00010ba0       ??$_Allocate@H@std@@YAPAHIPAH@Z 00421ba0 f i detect_recog.obj
 0002:00010c50       ??$_Destroy_range@V?$allocator@VMat@cv@@@std@@@std@@YAXPAVMat@cv@@0AAV?$allocator@VMat@cv@@@0@@Z 00421c50 f i detect_recog.obj
 0002:00010cd0       ??$_Allocate@VMat@cv@@@std@@YAPAVMat@cv@@IPAV12@@Z 00421cd0 f i detect_recog.obj
 0002:00010d80       ??0bad_alloc@std@@QAE@ABV01@@Z 00421d80 f i detect_recog.obj
 0002:00010e00       ??Y?$basic_string@DU?$char_traits@D@std@@V?$allocator@D@2@@std@@QAEAAV01@PBD@Z 00421e00 f i detect_recog.obj
 0002:00010e60       ?construct@?$allocator@H@std@@QAEXPAH$$QAH@Z 00421e60 f i detect_recog.obj
 0002:00010f60       ??2@YAPAXIPAX@Z            00421f60 f i detect_recog.obj
 0002:00010fa0       ??3@YAXPAX0@Z              00421fa0 f i detect_recog.obj
 0002:00010fd0       ?construct@?$allocator@VMat@cv@@@std@@QAEXPAVMat@cv@@$$QAV34@@Z 00421fd0 f i detect_recog.obj
 0002:000110d0       ?construct@?$allocator@U_Container_proxy@std@@@std@@QAEXPAU_Container_proxy@2@$$QAU32@@Z 004220d0 f i detect_recog.obj
 0002:000111e0       ?destroy@?$allocator@U_Container_proxy@std@@@std@@QAEXPAU_Container_proxy@2@@Z 004221e0 f i detect_recog.obj
 0002:00011240       ?append@?$basic_string@DU?$char_traits@D@std@@V?$allocator@D@2@@std@@QAEAAV12@PBD@Z 00422240 f i detect_recog.obj
 0002:000112d0       ?append@?$basic_string@DU?$char_traits@D@std@@V?$allocator@D@2@@std@@QAEAAV12@PBDI@Z 004222d0 f i detect_recog.obj
 0002:00011410       ??$move@AAV?$basic_istream@DU?$char_traits@D@std@@@std@@@std@@YA$$QAV?$basic_istream@DU?$char_traits@D@std@@@0@AAV10@@Z 00422410 f i detect_recog.obj
 0002:00011450       ??$getline@DU?$char_traits@D@std@@V?$allocator@D@2@@std@@YAAAV?$basic_istream@DU?$char_traits@D@std@@@0@$$QAV10@AAV?$basic_string@DU?$char_traits@D@std@@V?$allocator@D@2@@0@D@Z 00422450 f i detect_recog.obj
 0002:00011850       ??1sentry@?$basic_istream@DU?$char_traits@D@std@@@std@@QAE@XZ 00422850 f i detect_recog.obj
 0002:000118a0       ??0sentry@?$basic_istream@DU?$char_traits@D@std@@@std@@QAE@AAV12@_N@Z 004228a0 f i detect_recog.obj
 0002:00011970       ??Bsentry@?$basic_istream@DU?$char_traits@D@std@@@std@@QBEPQ_Bool_struct@2@HXZ 00422970 f i detect_recog.obj
 0002:000119c0       ??1_Sentry_base@?$basic_istream@DU?$char_traits@D@std@@@std@@QAE@XZ 004229c0 f i detect_recog.obj
 0002:00011a80       ??Y?$basic_string@DU?$char_traits@D@std@@V?$allocator@D@2@@std@@QAEAAV01@D@Z 00422a80 f i detect_recog.obj
 0002:00011ae0       ??0_Sentry_base@?$basic_istream@DU?$char_traits@D@std@@@std@@QAE@AAV12@@Z 00422ae0 f i detect_recog.obj
 0002:00011bb0       ??$_Ptr_cat@HH@std@@YA?AU_Scalar_ptr_iterator_tag@0@PAH0@Z 00422bb0 f i detect_recog.obj
 0002:00011c20       ??$?8DD@std@@YA_NABV?$allocator@D@0@0@Z 00422c20 f i detect_recog.obj
 0002:00011c50       ??$forward@U_Container_proxy@std@@@std@@YA$$QAU_Container_proxy@0@AAU10@@Z 00422c50 f i detect_recog.obj
 0002:00011c90       ??$_Uninitialized_move@PAHPAHV?$allocator@H@std@@@std@@YAPAHPAH00AAV?$allocator@H@0@@Z 00422c90 f i detect_recog.obj
 0002:00011d30       ??$_Val_type@PAH@std@@YAPAHPAH@Z 00422d30 f i detect_recog.obj
 0002:00011d60       ??$_Destroy_range@V?$allocator@H@std@@@std@@YAXPAH0AAV?$allocator@H@0@U_Scalar_ptr_iterator_tag@0@@Z 00422d60 f i detect_recog.obj
 0002:00011d90       ??$_Uninitialized_move@PAVMat@cv@@PAV12@V?$allocator@VMat@cv@@@std@@@std@@YAPAVMat@cv@@PAV12@00AAV?$allocator@VMat@cv@@@0@@Z 00422d90 f i detect_recog.obj
 0002:00011e30       ??$_Ptr_cat@VMat@cv@@V12@@std@@YA?AU_Nonscalar_ptr_iterator_tag@0@PAVMat@cv@@0@Z 00422e30 f i detect_recog.obj
 0002:00011ea0       ??$_Destroy_range@V?$allocator@VMat@cv@@@std@@@std@@YAXPAVMat@cv@@0AAV?$allocator@VMat@cv@@@0@U_Nonscalar_ptr_iterator_tag@0@@Z 00422ea0 f i detect_recog.obj
 0002:00011f10       ??$_Destroy@U_Container_proxy@std@@@std@@YAXPAU_Container_proxy@0@@Z 00422f10 f i detect_recog.obj
 0002:00011f40       ??$_Uninit_move@HHH@std@@YAPAHPAH00AAV?$allocator@H@0@0U_Scalar_ptr_iterator_tag@0@@Z 00422f40 f i detect_recog.obj
 0002:00012000       ??$_Val_type@PAVMat@cv@@@std@@YAPAVMat@cv@@PAV12@@Z 00423000 f i detect_recog.obj
 0002:00012030       ??$_Uninit_move@PAVMat@cv@@PAV12@V?$allocator@VMat@cv@@@std@@V12@@std@@YAPAVMat@cv@@PAV12@00AAV?$allocator@VMat@cv@@@0@0U_Nonscalar_ptr_iterator_tag@0@@Z 00423030 f i detect_recog.obj
 0002:00012190       ??$_Dest_val@V?$allocator@VMat@cv@@@std@@VMat@cv@@@std@@YAXAAV?$allocator@VMat@cv@@@0@PAVMat@cv@@@Z 00423190 f i detect_recog.obj
 0002:000121e0       ?destroy@?$allocator@VMat@cv@@@std@@QAEXPAVMat@cv@@@Z 004231e0 f i detect_recog.obj
 0002:00012240       ??$_Debug_range@PAH@std@@YAXPAH0PB_WI@Z 00423240 f i detect_recog.obj
 0002:000122c0       ??$_Debug_pointer@H@std@@YAXPAHPB_WI@Z 004232c0 f i detect_recog.obj
 0002:00012330       ??$_Debug_range@PAVMat@cv@@@std@@YAXPAVMat@cv@@0PB_WI@Z 00423330 f i detect_recog.obj
 0002:000123b0       ??$_Debug_pointer@VMat@cv@@@std@@YAXPAVMat@cv@@PB_WI@Z 004233b0 f i detect_recog.obj
 0002:00012420       ??$_Destroy@VMat@cv@@@std@@YAXPAVMat@cv@@@Z 00423420 f i detect_recog.obj
 0002:00012470       ??_GMat@cv@@QAEPAXI@Z      00423470 f i detect_recog.obj
 0002:000124e0       ??$_Iter_cat@PAH@std@@YA?AUrandom_access_iterator_tag@0@ABQAH@Z 004234e0 f i detect_recog.obj
 0002:00012560       ??$_Debug_range2@PAH@std@@YAXPAH0PB_WIUrandom_access_iterator_tag@0@@Z 00423560 f i detect_recog.obj
 0002:00012610       ??$_Iter_cat@PAVMat@cv@@@std@@YA?AUrandom_access_iterator_tag@0@ABQAVMat@cv@@@Z 00423610 f i detect_recog.obj
 0002:00012690       ??$_Debug_range2@PAVMat@cv@@@std@@YAXPAVMat@cv@@0PB_WIUrandom_access_iterator_tag@0@@Z 00423690 f i detect_recog.obj
 0002:00012740       ??0?$big_any_policy@Uempty_any@anyimpl@cvflann@@@anyimpl@cvflann@@QAE@XZ 00423740 f i detect_recog.obj
 0002:000127a0       ?static_delete@?$big_any_policy@Uempty_any@anyimpl@cvflann@@@anyimpl@cvflann@@UAEXPAPAX@Z 004237a0 f i detect_recog.obj
 0002:00012820       ?copy_from_value@?$big_any_policy@Uempty_any@anyimpl@cvflann@@@anyimpl@cvflann@@UAEXPBXPAPAX@Z 00423820 f i detect_recog.obj
 0002:000128c0       ?clone@?$big_any_policy@Uempty_any@anyimpl@cvflann@@@anyimpl@cvflann@@UAEXPBQAXPAPAX@Z 004238c0 f i detect_recog.obj
 0002:00012960       ?move@?$big_any_policy@Uempty_any@anyimpl@cvflann@@@anyimpl@cvflann@@UAEXPBQAXPAPAX@Z 00423960 f i detect_recog.obj
 0002:000129a0       ?get_value@?$big_any_policy@Uempty_any@anyimpl@cvflann@@@anyimpl@cvflann@@UAEPAXPAPAX@Z 004239a0 f i detect_recog.obj
 0002:000129e0       ?print@?$big_any_policy@Uempty_any@anyimpl@cvflann@@@anyimpl@cvflann@@UAEXAAV?$basic_ostream@DU?$char_traits@D@std@@@std@@PBQAX@Z 004239e0 f i detect_recog.obj
 0002:00012a40       ??6anyimpl@cvflann@@YAAAV?$basic_ostream@DU?$char_traits@D@std@@@std@@AAV23@ABUempty_any@01@@Z 00423a40 f i detect_recog.obj
 0002:00012aa0       ?get_size@?$typed_base_any_policy@Uempty_any@anyimpl@cvflann@@@anyimpl@cvflann@@UAEIXZ 00423aa0 f i detect_recog.obj
 0002:00012ae0       ?type@?$typed_base_any_policy@Uempty_any@anyimpl@cvflann@@@anyimpl@cvflann@@UAEABVtype_info@@XZ 00423ae0 f i detect_recog.obj
 0002:00012b20       ??$?6U?$char_traits@D@std@@@std@@YAAAV?$basic_ostream@DU?$char_traits@D@std@@@0@AAV10@PBD@Z 00423b20 f i detect_recog.obj
 0002:00013120       ??0sentry@?$basic_ostream@DU?$char_traits@D@std@@@std@@QAE@AAV12@@Z 00424120 f i detect_recog.obj
 0002:00013280       ??1sentry@?$basic_ostream@DU?$char_traits@D@std@@@std@@QAE@XZ 00424280 f i detect_recog.obj
 0002:00013350       ??Bsentry@?$basic_ostream@DU?$char_traits@D@std@@@std@@QBEPQ_Bool_struct@2@HXZ 00424350 f i detect_recog.obj
 0002:000133a0       ??0_Sentry_base@?$basic_ostream@DU?$char_traits@D@std@@@std@@QAE@AAV12@@Z 004243a0 f i detect_recog.obj
 0002:00013470       ??1_Sentry_base@?$basic_ostream@DU?$char_traits@D@std@@@std@@QAE@XZ 00424470 f i detect_recog.obj
 0002:00013530       ??0?$typed_base_any_policy@Uempty_any@anyimpl@cvflann@@@anyimpl@cvflann@@QAE@XZ 00424530 f i detect_recog.obj
 0002:00013590       ??0base_any_policy@anyimpl@cvflann@@QAE@XZ 00424590 f i detect_recog.obj
 0002:000135e0       ??0?$small_any_policy@PBD@anyimpl@cvflann@@QAE@XZ 004245e0 f i detect_recog.obj
 0002:00013640       ?static_delete@?$small_any_policy@PBD@anyimpl@cvflann@@UAEXPAPAX@Z 00424640 f i detect_recog.obj
 0002:00013680       ?copy_from_value@?$small_any_policy@PBD@anyimpl@cvflann@@UAEXPBXPAPAX@Z 00424680 f i detect_recog.obj
 0002:00013720       ?clone@?$small_any_policy@PBD@anyimpl@cvflann@@UAEXPBQAXPAPAX@Z 00424720 f i detect_recog.obj
 0002:00013770       ?move@?$small_any_policy@PBD@anyimpl@cvflann@@UAEXPBQAXPAPAX@Z 00424770 f i detect_recog.obj
 0002:000137c0       ?get_value@?$small_any_policy@PBD@anyimpl@cvflann@@UAEPAXPAPAX@Z 004247c0 f i detect_recog.obj
 0002:00013800       ?print@?$small_any_policy@PBD@anyimpl@cvflann@@UAEXAAV?$basic_ostream@DU?$char_traits@D@std@@@std@@PBQAX@Z 00424800 f i detect_recog.obj
 0002:00013860       ?get_size@?$typed_base_any_policy@PBD@anyimpl@cvflann@@UAEIXZ 00424860 f i detect_recog.obj
 0002:000138a0       ?type@?$typed_base_any_policy@PBD@anyimpl@cvflann@@UAEABVtype_info@@XZ 004248a0 f i detect_recog.obj
 0002:000138e0       ??0?$typed_base_any_policy@PBD@anyimpl@cvflann@@QAE@XZ 004248e0 f i detect_recog.obj
 0002:00013940       ??0?$small_any_policy@H@anyimpl@cvflann@@QAE@XZ 00424940 f i detect_recog.obj
 0002:000139a0       ?static_delete@?$small_any_policy@H@anyimpl@cvflann@@UAEXPAPAX@Z 004249a0 f i detect_recog.obj
 0002:000139e0       ?copy_from_value@?$small_any_policy@H@anyimpl@cvflann@@UAEXPBXPAPAX@Z 004249e0 f i detect_recog.obj
 0002:00013a80       ?clone@?$small_any_policy@H@anyimpl@cvflann@@UAEXPBQAXPAPAX@Z 00424a80 f i detect_recog.obj
 0002:00013ad0       ?move@?$small_any_policy@H@anyimpl@cvflann@@UAEXPBQAXPAPAX@Z 00424ad0 f i detect_recog.obj
 0002:00013b20       ?get_value@?$small_any_policy@H@anyimpl@cvflann@@UAEPAXPAPAX@Z 00424b20 f i detect_recog.obj
 0002:00013b60       ?print@?$small_any_policy@H@anyimpl@cvflann@@UAEXAAV?$basic_ostream@DU?$char_traits@D@std@@@std@@PBQAX@Z 00424b60 f i detect_recog.obj
 0002:00013bd0       ?get_size@?$typed_base_any_policy@H@anyimpl@cvflann@@UAEIXZ 00424bd0 f i detect_recog.obj
 0002:00013c10       ?type@?$typed_base_any_policy@H@anyimpl@cvflann@@UAEABVtype_info@@XZ 00424c10 f i detect_recog.obj
 0002:00013c50       ??0?$typed_base_any_policy@H@anyimpl@cvflann@@QAE@XZ 00424c50 f i detect_recog.obj
 0002:00013cb0       ??0?$small_any_policy@M@anyimpl@cvflann@@QAE@XZ 00424cb0 f i detect_recog.obj
 0002:00013d10       ?static_delete@?$small_any_policy@M@anyimpl@cvflann@@UAEXPAPAX@Z 00424d10 f i detect_recog.obj
 0002:00013d50       ?copy_from_value@?$small_any_policy@M@anyimpl@cvflann@@UAEXPBXPAPAX@Z 00424d50 f i detect_recog.obj
 0002:00013df0       ?clone@?$small_any_policy@M@anyimpl@cvflann@@UAEXPBQAXPAPAX@Z 00424df0 f i detect_recog.obj
 0002:00013e40       ?move@?$small_any_policy@M@anyimpl@cvflann@@UAEXPBQAXPAPAX@Z 00424e40 f i detect_recog.obj
 0002:00013e90       ?get_value@?$small_any_policy@M@anyimpl@cvflann@@UAEPAXPAPAX@Z 00424e90 f i detect_recog.obj
 0002:00013ed0       ?print@?$small_any_policy@M@anyimpl@cvflann@@UAEXAAV?$basic_ostream@DU?$char_traits@D@std@@@std@@PBQAX@Z 00424ed0 f i detect_recog.obj
 0002:00013f40       ?get_size@?$typed_base_any_policy@M@anyimpl@cvflann@@UAEIXZ 00424f40 f i detect_recog.obj
 0002:00013f80       ?type@?$typed_base_any_policy@M@anyimpl@cvflann@@UAEABVtype_info@@XZ 00424f80 f i detect_recog.obj
 0002:00013fc0       ??0?$typed_base_any_policy@M@anyimpl@cvflann@@QAE@XZ 00424fc0 f i detect_recog.obj
 0002:00014020       ??0?$small_any_policy@_N@anyimpl@cvflann@@QAE@XZ 00425020 f i detect_recog.obj
 0002:00014080       ?static_delete@?$small_any_policy@_N@anyimpl@cvflann@@UAEXPAPAX@Z 00425080 f i detect_recog.obj
 0002:000140c0       ?copy_from_value@?$small_any_policy@_N@anyimpl@cvflann@@UAEXPBXPAPAX@Z 004250c0 f i detect_recog.obj
 0002:00014160       ?clone@?$small_any_policy@_N@anyimpl@cvflann@@UAEXPBQAXPAPAX@Z 00425160 f i detect_recog.obj
 0002:000141b0       ?move@?$small_any_policy@_N@anyimpl@cvflann@@UAEXPBQAXPAPAX@Z 004251b0 f i detect_recog.obj
 0002:00014200       ?get_value@?$small_any_policy@_N@anyimpl@cvflann@@UAEPAXPAPAX@Z 00425200 f i detect_recog.obj
 0002:00014240       ?print@?$small_any_policy@_N@anyimpl@cvflann@@UAEXAAV?$basic_ostream@DU?$char_traits@D@std@@@std@@PBQAX@Z 00425240 f i detect_recog.obj
 0002:000142b0       ?get_size@?$typed_base_any_policy@_N@anyimpl@cvflann@@UAEIXZ 004252b0 f i detect_recog.obj
 0002:000142f0       ?type@?$typed_base_any_policy@_N@anyimpl@cvflann@@UAEABVtype_info@@XZ 004252f0 f i detect_recog.obj
 0002:00014330       ??0?$typed_base_any_policy@_N@anyimpl@cvflann@@QAE@XZ 00425330 f i detect_recog.obj
 0002:00014390       ??0?$big_any_policy@W4flann_algorithm_t@cvflann@@@anyimpl@cvflann@@QAE@XZ 00425390 f i detect_recog.obj
 0002:000143f0       ?print@?$big_any_policy@W4flann_algorithm_t@cvflann@@@anyimpl@cvflann@@UAEXAAV?$basic_ostream@DU?$char_traits@D@std@@@std@@PBQAX@Z 004253f0 f i detect_recog.obj
 0002:00014460       ?static_delete@?$big_any_policy@W4flann_algorithm_t@cvflann@@@anyimpl@cvflann@@UAEXPAPAX@Z 00425460 f i detect_recog.obj
 0002:000144e0       ?copy_from_value@?$big_any_policy@W4flann_algorithm_t@cvflann@@@anyimpl@cvflann@@UAEXPBXPAPAX@Z 004254e0 f i detect_recog.obj
 0002:00014590       ?clone@?$big_any_policy@W4flann_algorithm_t@cvflann@@@anyimpl@cvflann@@UAEXPBQAXPAPAX@Z 00425590 f i detect_recog.obj
 0002:00014640       ?move@?$big_any_policy@W4flann_algorithm_t@cvflann@@@anyimpl@cvflann@@UAEXPBQAXPAPAX@Z 00425640 f i detect_recog.obj
 0002:00014690       ?get_value@?$big_any_policy@W4flann_algorithm_t@cvflann@@@anyimpl@cvflann@@UAEPAXPAPAX@Z 00425690 f i detect_recog.obj
 0002:000146d0       ?get_size@?$typed_base_any_policy@W4flann_algorithm_t@cvflann@@@anyimpl@cvflann@@UAEIXZ 004256d0 f i detect_recog.obj
 0002:00014710       ?type@?$typed_base_any_policy@W4flann_algorithm_t@cvflann@@@anyimpl@cvflann@@UAEABVtype_info@@XZ 00425710 f i detect_recog.obj
 0002:00014750       ??0?$typed_base_any_policy@W4flann_algorithm_t@cvflann@@@anyimpl@cvflann@@QAE@XZ 00425750 f i detect_recog.obj
 0002:000147b0       ??0?$big_any_policy@W4flann_centers_init_t@cvflann@@@anyimpl@cvflann@@QAE@XZ 004257b0 f i detect_recog.obj
 0002:00014810       ?print@?$big_any_policy@W4flann_centers_init_t@cvflann@@@anyimpl@cvflann@@UAEXAAV?$basic_ostream@DU?$char_traits@D@std@@@std@@PBQAX@Z 00425810 f i detect_recog.obj
 0002:00014880       ?static_delete@?$big_any_policy@W4flann_centers_init_t@cvflann@@@anyimpl@cvflann@@UAEXPAPAX@Z 00425880 f i detect_recog.obj
 0002:00014900       ?copy_from_value@?$big_any_policy@W4flann_centers_init_t@cvflann@@@anyimpl@cvflann@@UAEXPBXPAPAX@Z 00425900 f i detect_recog.obj
 0002:000149b0       ?clone@?$big_any_policy@W4flann_centers_init_t@cvflann@@@anyimpl@cvflann@@UAEXPBQAXPAPAX@Z 004259b0 f i detect_recog.obj
 0002:00014a60       ?move@?$big_any_policy@W4flann_centers_init_t@cvflann@@@anyimpl@cvflann@@UAEXPBQAXPAPAX@Z 00425a60 f i detect_recog.obj
 0002:00014ab0       ?get_value@?$big_any_policy@W4flann_centers_init_t@cvflann@@@anyimpl@cvflann@@UAEPAXPAPAX@Z 00425ab0 f i detect_recog.obj
 0002:00014af0       ?get_size@?$typed_base_any_policy@W4flann_centers_init_t@cvflann@@@anyimpl@cvflann@@UAEIXZ 00425af0 f i detect_recog.obj
 0002:00014b30       ?type@?$typed_base_any_policy@W4flann_centers_init_t@cvflann@@@anyimpl@cvflann@@UAEABVtype_info@@XZ 00425b30 f i detect_recog.obj
 0002:00014b70       ??0?$typed_base_any_policy@W4flann_centers_init_t@cvflann@@@anyimpl@cvflann@@QAE@XZ 00425b70 f i detect_recog.obj
 0002:00014bd0       ??0?$small_any_policy@I@anyimpl@cvflann@@QAE@XZ 00425bd0 f i detect_recog.obj
 0002:00014c30       ?static_delete@?$small_any_policy@I@anyimpl@cvflann@@UAEXPAPAX@Z 00425c30 f i detect_recog.obj
 0002:00014c70       ?copy_from_value@?$small_any_policy@I@anyimpl@cvflann@@UAEXPBXPAPAX@Z 00425c70 f i detect_recog.obj
 0002:00014d10       ?clone@?$small_any_policy@I@anyimpl@cvflann@@UAEXPBQAXPAPAX@Z 00425d10 f i detect_recog.obj
 0002:00014d60       ?move@?$small_any_policy@I@anyimpl@cvflann@@UAEXPBQAXPAPAX@Z 00425d60 f i detect_recog.obj
 0002:00014db0       ?get_value@?$small_any_policy@I@anyimpl@cvflann@@UAEPAXPAPAX@Z 00425db0 f i detect_recog.obj
 0002:00014df0       ?print@?$small_any_policy@I@anyimpl@cvflann@@UAEXAAV?$basic_ostream@DU?$char_traits@D@std@@@std@@PBQAX@Z 00425df0 f i detect_recog.obj
 0002:00014e60       ?get_size@?$typed_base_any_policy@I@anyimpl@cvflann@@UAEIXZ 00425e60 f i detect_recog.obj
 0002:00014ea0       ?type@?$typed_base_any_policy@I@anyimpl@cvflann@@UAEABVtype_info@@XZ 00425ea0 f i detect_recog.obj
 0002:00014ee0       ??0?$typed_base_any_policy@I@anyimpl@cvflann@@QAE@XZ 00425ee0 f i detect_recog.obj
 0002:00014f40       ??0?$big_any_policy@V?$basic_string@DU?$char_traits@D@std@@V?$allocator@D@2@@std@@@anyimpl@cvflann@@QAE@XZ 00425f40 f i detect_recog.obj
 0002:00014fa0       ?static_delete@?$big_any_policy@V?$basic_string@DU?$char_traits@D@std@@V?$allocator@D@2@@std@@@anyimpl@cvflann@@UAEXPAPAX@Z 00425fa0 f i detect_recog.obj
 0002:00015050       ?copy_from_value@?$big_any_policy@V?$basic_string@DU?$char_traits@D@std@@V?$allocator@D@2@@std@@@anyimpl@cvflann@@UAEXPBXPAPAX@Z 00426050 f i detect_recog.obj
 0002:00015150       ??0?$basic_string@DU?$char_traits@D@std@@V?$allocator@D@2@@std@@QAE@ABV01@@Z 00426150 f i detect_recog.obj
 0002:00015230       ?clone@?$big_any_policy@V?$basic_string@DU?$char_traits@D@std@@V?$allocator@D@2@@std@@@anyimpl@cvflann@@UAEXPBQAXPAPAX@Z 00426230 f i detect_recog.obj
 0002:00015330       ?move@?$big_any_policy@V?$basic_string@DU?$char_traits@D@std@@V?$allocator@D@2@@std@@@anyimpl@cvflann@@UAEXPBQAXPAPAX@Z 00426330 f i detect_recog.obj
 0002:000153a0       ?get_value@?$big_any_policy@V?$basic_string@DU?$char_traits@D@std@@V?$allocator@D@2@@std@@@anyimpl@cvflann@@UAEPAXPAPAX@Z 004263a0 f i detect_recog.obj
 0002:000153e0       ?print@?$big_any_policy@V?$basic_string@DU?$char_traits@D@std@@V?$allocator@D@2@@std@@@anyimpl@cvflann@@UAEXAAV?$basic_ostream@DU?$char_traits@D@std@@@std@@PBQAX@Z 004263e0 f i detect_recog.obj
 0002:00015440       ??$?6DU?$char_traits@D@std@@V?$allocator@D@1@@std@@YAAAV?$basic_ostream@DU?$char_traits@D@std@@@0@AAV10@ABV?$basic_string@DU?$char_traits@D@std@@V?$allocator@D@2@@0@@Z 00426440 f i detect_recog.obj
 0002:000159e0       ?get_size@?$typed_base_any_policy@V?$basic_string@DU?$char_traits@D@std@@V?$allocator@D@2@@std@@@anyimpl@cvflann@@UAEIXZ 004269e0 f i detect_recog.obj
 0002:00015a20       ?type@?$typed_base_any_policy@V?$basic_string@DU?$char_traits@D@std@@V?$allocator@D@2@@std@@@anyimpl@cvflann@@UAEABVtype_info@@XZ 00426a20 f i detect_recog.obj
 0002:00015a60       ??_G?$basic_string@DU?$char_traits@D@std@@V?$allocator@D@2@@std@@QAEPAXI@Z 00426a60 f i detect_recog.obj
 0002:00015ad0       ??0?$typed_base_any_policy@V?$basic_string@DU?$char_traits@D@std@@V?$allocator@D@2@@std@@@anyimpl@cvflann@@QAE@XZ 00426ad0 f i detect_recog.obj
 0002:00015b30       ?_AfxInitManaged@@YAHXZ    00426b30 f i stdafx.obj
 0002:00015b60       ??_H@YGXPAXIHP6EPAX0@Z@Z   00426b60 f i stdafx.obj
 0002:00015bd0       ??0Thank_you@Define_the_symbol__ATL_MIXED@@QAE@XZ 00426bd0 f i stdafx.obj
 0002:00015c20       ?one@Thank_you@Define_the_symbol__ATL_MIXED@@UAEXXZ 00426c20 f i stdafx.obj
 0002:00015c60       ?GetMessageMap@CVideoMFCApp@@MBEPBUAFX_MSGMAP@@XZ 00426c60 f   VideoMFC.obj
 0002:00015cb0       ?GetThisMessageMap@CVideoMFCApp@@KGPBUAFX_MSGMAP@@XZ 00426cb0 f   VideoMFC.obj
 0002:00015cf0       ??0CVideoMFCApp@@QAE@XZ    00426cf0 f   VideoMFC.obj
 0002:00015d60       ??_GCVideoMFCApp@@UAEPAXI@Z 00426d60 f i VideoMFC.obj
 0002:00015d60       ??_ECVideoMFCApp@@UAEPAXI@Z 00426d60 f i VideoMFC.obj
 0002:00015dd0       ??1CVideoMFCApp@@UAE@XZ    00426dd0 f i VideoMFC.obj
 0002:00015e20       ?InitInstance@CVideoMFCApp@@UAEHXZ 00426e20 f   VideoMFC.obj
 0002:00016090       ??1CVideoMFCDlg@@UAE@XZ    00427090 f i VideoMFC.obj
 0002:000160e0       ??1CDialogEx@@UAE@XZ       004270e0 f i VideoMFC.obj
 0002:000161a0       ?SupportsRestartManager@CWinApp@@UBEHXZ 004271a0 f i VideoMFC.obj
 0002:000161f0       ?SupportsApplicationRecovery@CWinApp@@UBEHXZ 004271f0 f i VideoMFC.obj
 0002:00016240       ?SupportsAutosaveAtRestart@CWinApp@@UBEHXZ 00427240 f i VideoMFC.obj
 0002:00016290       ?SupportsAutosaveAtInterval@CWinApp@@UBEHXZ 00427290 f i VideoMFC.obj
 0002:000162e0       ?ReopenPreviousFilesAtRestart@CWinApp@@UBEHXZ 004272e0 f i VideoMFC.obj
 0002:00016330       ?RestoreAutosavedFilesAtRestart@CWinApp@@UBEHXZ 00427330 f i VideoMFC.obj
 0002:00016380       ?GetApplicationRestartFlags@CWinApp@@UAEKXZ 00427380 f i VideoMFC.obj
 0002:000163c0       ?GetApplicationRecoveryParameter@CWinApp@@UAEPAXXZ 004273c0 f i VideoMFC.obj
 0002:00016400       ?GetApplicationRecoveryPingInterval@CWinApp@@UAEKXZ 00427400 f i VideoMFC.obj
 0002:00016440       ??0CAboutDlg@@QAE@XZ       00427440 f   VideoMFCDlg.obj
 0002:000164b0       ??_GCAboutDlg@@UAEPAXI@Z   004274b0 f i VideoMFCDlg.obj
 0002:000164b0       ??_ECAboutDlg@@UAEPAXI@Z   004274b0 f i VideoMFCDlg.obj
 0002:00016520       ??1CAboutDlg@@UAE@XZ       00427520 f i VideoMFCDlg.obj
 0002:00016570       ?DoDataExchange@CAboutDlg@@MAEXPAVCDataExchange@@@Z 00427570 f   VideoMFCDlg.obj
 0002:000165d0       ?GetMessageMap@CAboutDlg@@MBEPBUAFX_MSGMAP@@XZ 004275d0 f   VideoMFCDlg.obj
 0002:00016620       ?GetThisMessageMap@CAboutDlg@@KGPBUAFX_MSGMAP@@XZ 00427620 f   VideoMFCDlg.obj
 0002:00016660       ??0CVideoMFCDlg@@QAE@PAVCWnd@@@Z 00427660 f   VideoMFCDlg.obj
 0002:00016730       ??_ECVideoMFCDlg@@UAEPAXI@Z 00427730 f i VideoMFCDlg.obj
 0002:00016730       ??_GCVideoMFCDlg@@UAEPAXI@Z 00427730 f i VideoMFCDlg.obj
 0002:000167a0       ?DoDataExchange@CVideoMFCDlg@@MAEXPAVCDataExchange@@@Z 004277a0 f   VideoMFCDlg.obj
 0002:00016800       ?GetMessageMap@CVideoMFCDlg@@MBEPBUAFX_MSGMAP@@XZ 00427800 f   VideoMFCDlg.obj
 0002:00016850       ?GetThisMessageMap@CVideoMFCDlg@@KGPBUAFX_MSGMAP@@XZ 00427850 f   VideoMFCDlg.obj
 0002:00016890       ?OnDestroy@CVideoMFCDlg@@MAEHXZ 00427890 f   VideoMFCDlg.obj
 0002:00016900       ?OnInitDialog@CVideoMFCDlg@@MAEHXZ 00427900 f   VideoMFCDlg.obj
 0002:00016c40       ?OnSysCommand@CVideoMFCDlg@@IAEXIJ@Z 00427c40 f   VideoMFCDlg.obj
 0002:00016d60       ?OnPaint@CVideoMFCDlg@@IAEXXZ 00427d60 f   VideoMFCDlg.obj
 0002:00016f60       ?OnQueryDragIcon@CVideoMFCDlg@@IAEPAUHICON__@@XZ 00427f60 f   VideoMFCDlg.obj
 0002:00016fa0       ?OnBnClickedButton1@CVideoMFCDlg@@QAEXXZ 00427fa0 f   VideoMFCDlg.obj
 0002:00017240       ?OnTimer@CVideoMFCDlg@@QAEXI@Z 00428240 f   VideoMFCDlg.obj
 0002:000174f0       ?OnBnClickedButton2@CVideoMFCDlg@@QAEXXZ 004284f0 f   VideoMFCDlg.obj
 0002:00017720       ?OnClose@CVideoMFCDlg@@QAEXXZ 00428720 f   VideoMFCDlg.obj
 0002:00017780       ?OnEnChangeEdtconfidence@CVideoMFCDlg@@QAEXXZ 00428780 f   VideoMFCDlg.obj
 0002:000177c0       ?OnBnClickedPhotograph@CVideoMFCDlg@@QAEXXZ 004287c0 f   VideoMFCDlg.obj
 0002:00017ce0       ?OnBnClickedRecognize@CVideoMFCDlg@@QAEXXZ 00428ce0 f   VideoMFCDlg.obj
 0002:00017f80       ?OnBnClickedClearpictures@CVideoMFCDlg@@QAEXXZ 00428f80 f   VideoMFCDlg.obj
 0002:00018150       ??0?$vector@HV?$allocator@H@std@@@std@@QAE@XZ 00429150 f i VideoMFCDlg.obj
 0002:000181c0       ??1?$vector@HV?$allocator@H@std@@@std@@QAE@XZ 004291c0 f i VideoMFCDlg.obj
 0002:00018260       ?clear@?$vector@HV?$allocator@H@std@@@std@@QAEXXZ 00429260 f i VideoMFCDlg.obj
 0002:000183f0       ??1?$_Vector_iterator@V?$_Vector_val@HV?$allocator@H@std@@@std@@@std@@QAE@XZ 004293f0 f i VideoMFCDlg.obj
 0002:00018440       ??1?$_Vector_const_iterator@V?$_Vector_val@HV?$allocator@H@std@@@std@@@std@@QAE@XZ 00429440 f i VideoMFCDlg.obj
 0002:00018490       ??1?$_Iterator012@Urandom_access_iterator_tag@std@@HHPBHABHU_Iterator_base12@2@@std@@QAE@XZ 00429490 f i VideoMFCDlg.obj
 0002:000184e0       ?begin@?$vector@HV?$allocator@H@std@@@std@@QAE?AV?$_Vector_iterator@V?$_Vector_val@HV?$allocator@H@std@@@std@@@2@XZ 004294e0 f i VideoMFCDlg.obj
 0002:00018570       ?end@?$vector@HV?$allocator@H@std@@@std@@QAE?AV?$_Vector_iterator@V?$_Vector_val@HV?$allocator@H@std@@@std@@@2@XZ 00429570 f i VideoMFCDlg.obj
 0002:00018600       ?clear@?$vector@VMat@cv@@V?$allocator@VMat@cv@@@std@@@std@@QAEXXZ 00429600 f i VideoMFCDlg.obj
 0002:00018790       ??0?$_Vector_const_iterator@V?$_Vector_val@HV?$allocator@H@std@@@std@@@std@@QAE@ABV01@@Z 00429790 f i VideoMFCDlg.obj
 0002:00018800       ??1?$_Vector_iterator@V?$_Vector_val@VMat@cv@@V?$allocator@VMat@cv@@@std@@@std@@@std@@QAE@XZ 00429800 f i VideoMFCDlg.obj
 0002:00018850       ??0?$_Vector_const_iterator@V?$_Vector_val@VMat@cv@@V?$allocator@VMat@cv@@@std@@@std@@@std@@QAE@ABV01@@Z 00429850 f i VideoMFCDlg.obj
 0002:000188c0       ??1?$_Vector_const_iterator@V?$_Vector_val@VMat@cv@@V?$allocator@VMat@cv@@@std@@@std@@@std@@QAE@XZ 004298c0 f i VideoMFCDlg.obj
 0002:00018910       ??0?$_Iterator012@Urandom_access_iterator_tag@std@@HHPBHABHU_Iterator_base12@2@@std@@QAE@ABU01@@Z 00429910 f i VideoMFCDlg.obj
 0002:00018970       ??0_Iterator_base12@std@@QAE@ABU01@@Z 00429970 f i VideoMFCDlg.obj
 0002:000189f0       ??4_Iterator_base12@std@@QAEAAU01@ABU01@@Z 004299f0 f i VideoMFCDlg.obj
 0002:00018a60       ??0?$_Iterator012@Urandom_access_iterator_tag@std@@VMat@cv@@HPBV34@ABV34@U_Iterator_base12@2@@std@@QAE@ABU01@@Z 00429a60 f i VideoMFCDlg.obj
 0002:00018ac0       ??1?$_Iterator012@Urandom_access_iterator_tag@std@@VMat@cv@@HPBV34@ABV34@U_Iterator_base12@2@@std@@QAE@XZ 00429ac0 f i VideoMFCDlg.obj
 0002:00018b10       ?erase@?$vector@HV?$allocator@H@std@@@std@@QAE?AV?$_Vector_iterator@V?$_Vector_val@HV?$allocator@H@std@@@std@@@2@V?$_Vector_const_iterator@V?$_Vector_val@HV?$allocator@H@std@@@std@@@2@0@Z 00429b10 f i VideoMFCDlg.obj
 0002:00018db0       ?_Tidy@?$vector@HV?$allocator@H@std@@@std@@IAEXXZ 00429db0 f i VideoMFCDlg.obj
 0002:00018e90       ??0?$_Vector_val@HV?$allocator@H@std@@@std@@QAE@V?$allocator@H@1@@Z 00429e90 f i VideoMFCDlg.obj
 0002:00019010       ??1?$_Vector_val@HV?$allocator@H@std@@@std@@QAE@XZ 0042a010 f i VideoMFCDlg.obj
 0002:00019150       ??0?$allocator@H@std@@QAE@XZ 0042a150 f i VideoMFCDlg.obj
 0002:00019190       ?begin@?$vector@VMat@cv@@V?$allocator@VMat@cv@@@std@@@std@@QAE?AV?$_Vector_iterator@V?$_Vector_val@VMat@cv@@V?$allocator@VMat@cv@@@std@@@std@@@2@XZ 0042a190 f i VideoMFCDlg.obj
 0002:00019220       ?end@?$vector@VMat@cv@@V?$allocator@VMat@cv@@@std@@@std@@QAE?AV?$_Vector_iterator@V?$_Vector_val@VMat@cv@@V?$allocator@VMat@cv@@@std@@@std@@@2@XZ 0042a220 f i VideoMFCDlg.obj
 0002:000192b0       ?erase@?$vector@VMat@cv@@V?$allocator@VMat@cv@@@std@@@std@@QAE?AV?$_Vector_iterator@V?$_Vector_val@VMat@cv@@V?$allocator@VMat@cv@@@std@@@std@@@2@V?$_Vector_const_iterator@V?$_Vector_val@VMat@cv@@V?$allocator@VMat@cv@@@std@@@std@@@2@0@Z 0042a2b0 f i VideoMFCDlg.obj
 0002:00019550       ??0?$_Vector_iterator@V?$_Vector_val@HV?$allocator@H@std@@@std@@@std@@QAE@PAHPBU_Container_base12@1@@Z 0042a550 f i VideoMFCDlg.obj
 0002:000195b0       ??0?$_Vector_iterator@V?$_Vector_val@HV?$allocator@H@std@@@std@@@std@@QAE@ABV01@@Z 0042a5b0 f i VideoMFCDlg.obj
 0002:00019610       ??0?$_Vector_iterator@V?$_Vector_val@VMat@cv@@V?$allocator@VMat@cv@@@std@@@std@@@std@@QAE@ABV01@@Z 0042a610 f i VideoMFCDlg.obj
 0002:00019670       ?_Make_iter@?$vector@HV?$allocator@H@std@@@std@@QBE?AV?$_Vector_iterator@V?$_Vector_val@HV?$allocator@H@std@@@std@@@2@V?$_Vector_const_iterator@V?$_Vector_val@HV?$allocator@H@std@@@std@@@2@@Z 0042a670 f i VideoMFCDlg.obj
 0002:00019740       ??0?$allocator@H@std@@QAE@ABV01@@Z 0042a740 f i VideoMFCDlg.obj
 0002:00019780       ?_Make_iter@?$vector@VMat@cv@@V?$allocator@VMat@cv@@@std@@@std@@QBE?AV?$_Vector_iterator@V?$_Vector_val@VMat@cv@@V?$allocator@VMat@cv@@@std@@@std@@@2@V?$_Vector_const_iterator@V?$_Vector_val@VMat@cv@@V?$allocator@VMat@cv@@@std@@@std@@@2@@Z 0042a780 f i VideoMFCDlg.obj
 0002:00019850       ??0?$_Vector_const_iterator@V?$_Vector_val@HV?$allocator@H@std@@@std@@@std@@QAE@PAHPBU_Container_base12@1@@Z 0042a850 f i VideoMFCDlg.obj
 0002:00019910       ??9?$_Vector_const_iterator@V?$_Vector_val@HV?$allocator@H@std@@@std@@@std@@QBE_NABV01@@Z 0042a910 f i VideoMFCDlg.obj
 0002:00019980       ??M?$_Vector_const_iterator@V?$_Vector_val@HV?$allocator@H@std@@@std@@@std@@QBE_NABV01@@Z 0042a980 f i VideoMFCDlg.obj
 0002:000199f0       ??0?$_Vector_iterator@V?$_Vector_val@VMat@cv@@V?$allocator@VMat@cv@@@std@@@std@@@std@@QAE@PAVMat@cv@@PBU_Container_base12@1@@Z 0042a9f0 f i VideoMFCDlg.obj
 0002:00019a50       ??9?$_Vector_const_iterator@V?$_Vector_val@VMat@cv@@V?$allocator@VMat@cv@@@std@@@std@@@std@@QBE_NABV01@@Z 0042aa50 f i VideoMFCDlg.obj
 0002:00019ac0       ??M?$_Vector_const_iterator@V?$_Vector_val@VMat@cv@@V?$allocator@VMat@cv@@@std@@@std@@@std@@QBE_NABV01@@Z 0042aac0 f i VideoMFCDlg.obj
 0002:00019b30       ??0?$_Iterator012@Urandom_access_iterator_tag@std@@HHPBHABHU_Iterator_base12@2@@std@@QAE@XZ 0042ab30 f i VideoMFCDlg.obj
 0002:00019b90       ??8?$_Vector_const_iterator@V?$_Vector_val@HV?$allocator@H@std@@@std@@@std@@QBE_NABV01@@Z 0042ab90 f i VideoMFCDlg.obj
 0002:00019c00       ?_Compat@?$_Vector_const_iterator@V?$_Vector_val@HV?$allocator@H@std@@@std@@@std@@QBEXABV12@@Z 0042ac00 f i VideoMFCDlg.obj
 0002:00019d20       ??0?$_Vector_const_iterator@V?$_Vector_val@VMat@cv@@V?$allocator@VMat@cv@@@std@@@std@@@std@@QAE@PAVMat@cv@@PBU_Container_base12@1@@Z 0042ad20 f i VideoMFCDlg.obj
 0002:00019de0       ??8?$_Vector_const_iterator@V?$_Vector_val@VMat@cv@@V?$allocator@VMat@cv@@@std@@@std@@@std@@QBE_NABV01@@Z 0042ade0 f i VideoMFCDlg.obj
 0002:00019e50       ?_Compat@?$_Vector_const_iterator@V?$_Vector_val@VMat@cv@@V?$allocator@VMat@cv@@@std@@@std@@@std@@QBEXABV12@@Z 0042ae50 f i VideoMFCDlg.obj
 0002:00019f70       ??0?$_Iterator012@Urandom_access_iterator_tag@std@@VMat@cv@@HPBV34@ABV34@U_Iterator_base12@2@@std@@QAE@XZ 0042af70 f i VideoMFCDlg.obj
 0002:00019fd0       ??$?HDU?$char_traits@D@std@@V?$allocator@D@1@@std@@YA?AV?$basic_string@DU?$char_traits@D@std@@V?$allocator@D@2@@0@PBD$$QAV10@@Z 0042afd0 f i VideoMFCDlg.obj
 0002:0001a060       ??$?HDU?$char_traits@D@std@@V?$allocator@D@1@@std@@YA?AV?$basic_string@DU?$char_traits@D@std@@V?$allocator@D@2@@0@$$QAV10@PBD@Z 0042b060 f i VideoMFCDlg.obj
 0002:0001a0f0       ??$_Move@PAHPAH@std@@YAPAHPAH00@Z 0042b0f0 f i VideoMFCDlg.obj
 0002:0001a170       ??$?0H@?$allocator@U_Container_proxy@std@@@std@@QAE@ABV?$allocator@H@1@@Z 0042b170 f i VideoMFCDlg.obj
 0002:0001a1b0       ??$_Move@PAVMat@cv@@PAV12@@std@@YAPAVMat@cv@@PAV12@00@Z 0042b1b0 f i VideoMFCDlg.obj
 0002:0001a230       ?insert@?$basic_string@DU?$char_traits@D@std@@V?$allocator@D@2@@std@@QAEAAV12@IPBD@Z 0042b230 f i VideoMFCDlg.obj
 0002:0001a2c0       ?insert@?$basic_string@DU?$char_traits@D@std@@V?$allocator@D@2@@std@@QAEAAV12@IPBDI@Z 0042b2c0 f i VideoMFCDlg.obj
 0002:0001a450       ?insert@?$basic_string@DU?$char_traits@D@std@@V?$allocator@D@2@@std@@QAEAAV12@IABV12@II@Z 0042b450 f i VideoMFCDlg.obj
 0002:0001a620       ??$move@AAV?$basic_string@DU?$char_traits@D@std@@V?$allocator@D@2@@std@@@std@@YA$$QAV?$basic_string@DU?$char_traits@D@std@@V?$allocator@D@2@@0@AAV10@@Z 0042b620 f i VideoMFCDlg.obj
 0002:0001a660       ??$_Move@PAHPAH@std@@YAPAHPAH00U_Scalar_ptr_iterator_tag@0@@Z 0042b660 f i VideoMFCDlg.obj
 0002:0001a6f0       ??$_Move@PAVMat@cv@@PAV12@@std@@YAPAVMat@cv@@PAV12@00U_Nonscalar_ptr_iterator_tag@0@@Z 0042b6f0 f i VideoMFCDlg.obj
 0002:0001a780       ??4Mat@cv@@QAEAAV01@ABV01@@Z 0042b780 f i VideoMFCDlg.obj
 0002:0001a910       ??$move@AAVMat@cv@@@std@@YA$$QAVMat@cv@@AAV12@@Z 0042b910 f i VideoMFCDlg.obj
 0002:0001a950       ??HATL@@YA?AV?$CStringT@DV?$StrTraitMFC_DLL@DV?$ChTraitsCRT@D@ATL@@@@@0@ABV10@PBD@Z 0042b950 f i VideoMFCDlg.obj
 0002:0001ab00       ??0?$vector@VMat@cv@@V?$allocator@VMat@cv@@@std@@@std@@QAE@XZ 0042bb00 f i VideoMFCDlg.obj
 0002:0001ab70       ??0?$_Vector_val@VMat@cv@@V?$allocator@VMat@cv@@@std@@@std@@QAE@V?$allocator@VMat@cv@@@1@@Z 0042bb70 f i VideoMFCDlg.obj
 0002:0001acf0       ??0?$allocator@VMat@cv@@@std@@QAE@XZ 0042bcf0 f i VideoMFCDlg.obj
 0002:0001ad30       ??0?$allocator@VMat@cv@@@std@@QAE@ABV01@@Z 0042bd30 f i VideoMFCDlg.obj
 0002:0001ad70       ??$?0VMat@cv@@@?$allocator@U_Container_proxy@std@@@std@@QAE@ABV?$allocator@VMat@cv@@@1@@Z 0042bd70 f i VideoMFCDlg.obj
 0002:0001adb0       ??1?$vector@VMat@cv@@V?$allocator@VMat@cv@@@std@@@std@@QAE@XZ 0042bdb0 f i VideoMFCDlg.obj
 0002:0001ae50       ?_Tidy@?$vector@VMat@cv@@V?$allocator@VMat@cv@@@std@@@std@@IAEXXZ 0042be50 f i VideoMFCDlg.obj
 0002:0001af30       ??1?$_Vector_val@VMat@cv@@V?$allocator@VMat@cv@@@std@@@std@@QAE@XZ 0042bf30 f i VideoMFCDlg.obj
 0002:0001b070       ??1?$Ptr@VFaceRecognizer@cv@@@cv@@QAE@XZ 0042c070 f i VideoMFCDlg.obj
 0002:0001b0c0       ?release@?$Ptr@VFaceRecognizer@cv@@@cv@@QAEXXZ 0042c0c0 f i VideoMFCDlg.obj
 0002:0001b160       ?delete_obj@?$Ptr@VFaceRecognizer@cv@@@cv@@QAEXXZ 0042c160 f i VideoMFCDlg.obj
 0002:0001b212       ?createLBPHFaceRecognizer@cv@@YA?AV?$Ptr@VFaceRecognizer@cv@@@1@HHHHN@Z 0042c212 f   opencv_contrib244d:opencv_contrib244d.dll
 0002:0001b218       _cvReleaseImage            0042c218 f   opencv_core244d:opencv_core244d.dll
 0002:0001b21e       _cvCreateImage             0042c21e f   opencv_core244d:opencv_core244d.dll
 0002:0001b224       _cvGetSize                 0042c224 f   opencv_core244d:opencv_core244d.dll
 0002:0001b22a       _cvSetImageROI             0042c22a f   opencv_core244d:opencv_core244d.dll
 0002:0001b230       _cvGetImageROI             0042c230 f   opencv_core244d:opencv_core244d.dll
 0002:0001b236       _cvSet                     0042c236 f   opencv_core244d:opencv_core244d.dll
 0002:0001b23c       _cvCircle                  0042c23c f   opencv_core244d:opencv_core244d.dll
 0002:0001b242       _cvRectangle               0042c242 f   opencv_core244d:opencv_core244d.dll
 0002:0001b248       _cvResetImageROI           0042c248 f   opencv_core244d:opencv_core244d.dll
 0002:0001b24e       _cvCopy                    0042c24e f   opencv_core244d:opencv_core244d.dll
 0002:0001b254       _cvGetSubRect              0042c254 f   opencv_core244d:opencv_core244d.dll
 0002:0001b25a       _cvGetSeqElem              0042c25a f   opencv_core244d:opencv_core244d.dll
 0002:0001b260       _cvGetTickCount            0042c260 f   opencv_core244d:opencv_core244d.dll
 0002:0001b266       _cvClearMemStorage         0042c266 f   opencv_core244d:opencv_core244d.dll
 0002:0001b26c       ??0_InputArray@cv@@QAE@ABVMat@1@@Z 0042c26c f   opencv_core244d:opencv_core244d.dll
 0002:0001b272       ??0_InputArray@cv@@QAE@ABV?$vector@VMat@cv@@V?$allocator@VMat@cv@@@std@@@std@@@Z 0042c272 f   opencv_core244d:opencv_core244d.dll
 0002:0001b278       ??0Mat@cv@@QAE@PBU_IplImage@@_N@Z 0042c278 f   opencv_core244d:opencv_core244d.dll
 0002:0001b27e       ?fastFree@cv@@YAXPAX@Z     0042c27e f   opencv_core244d:opencv_core244d.dll
 0002:0001b284       ?deallocate@Mat@cv@@QAEXXZ 0042c284 f   opencv_core244d:opencv_core244d.dll
 0002:0001b28a       ?_interlockedExchangeAdd@cv@@YAHPAHH@Z 0042c28a f   opencv_core244d:opencv_core244d.dll
 0002:0001b290       _cvPutText                 0042c290 f   opencv_core244d:opencv_core244d.dll
 0002:0001b296       _cvInitFont                0042c296 f   opencv_core244d:opencv_core244d.dll
 0002:0001b29c       ?copyTo@Mat@cv@@QBEXABV_OutputArray@2@@Z 0042c29c f   opencv_core244d:opencv_core244d.dll
 0002:0001b2a2       ?normalize@cv@@YAXABV_InputArray@1@ABV_OutputArray@1@NNHH0@Z 0042c2a2 f   opencv_core244d:opencv_core244d.dll
 0002:0001b2a8       ?noArray@cv@@YAABV_OutputArray@1@XZ 0042c2a8 f   opencv_core244d:opencv_core244d.dll
 0002:0001b2ae       ??0_OutputArray@cv@@QAE@AAVMat@1@@Z 0042c2ae f   opencv_core244d:opencv_core244d.dll
 0002:0001b2b4       ?copySize@Mat@cv@@QAEXABV12@@Z 0042c2b4 f   opencv_core244d:opencv_core244d.dll
 0002:0001b2ba       ??1Exception@cv@@UAE@XZ    0042c2ba f   opencv_core244d:opencv_core244d.dll
 0002:0001b2c0       ?error@cv@@YAXABVException@1@@Z 0042c2c0 f   opencv_core244d:opencv_core244d.dll
 0002:0001b2c6       ??0Exception@cv@@QAE@HABV?$basic_string@DU?$char_traits@D@std@@V?$allocator@D@2@@std@@00H@Z 0042c2c6 f   opencv_core244d:opencv_core244d.dll
 0002:0001b2cc       ?getMat@_InputArray@cv@@UBE?AVMat@2@H@Z 0042c2cc f   opencv_core244d:opencv_core244d.dll
 0002:0001b2d2       ?getMatVector@_InputArray@cv@@UBEXAAV?$vector@VMat@cv@@V?$allocator@VMat@cv@@@std@@@std@@@Z 0042c2d2 f   opencv_core244d:opencv_core244d.dll
 0002:0001b2d8       ?getGlBuffer@_InputArray@cv@@UBE?AVGlBuffer@2@XZ 0042c2d8 f   opencv_core244d:opencv_core244d.dll
 0002:0001b2de       ?getGlTexture@_InputArray@cv@@UBE?AVGlTexture@2@XZ 0042c2de f   opencv_core244d:opencv_core244d.dll
 0002:0001b2e4       ?getGpuMat@_InputArray@cv@@UBE?AVGpuMat@gpu@2@XZ 0042c2e4 f   opencv_core244d:opencv_core244d.dll
 0002:0001b2ea       ?kind@_InputArray@cv@@UBEHXZ 0042c2ea f   opencv_core244d:opencv_core244d.dll
 0002:0001b2f0       ?size@_InputArray@cv@@UBE?AV?$Size_@H@2@H@Z 0042c2f0 f   opencv_core244d:opencv_core244d.dll
 0002:0001b2f6       ?total@_InputArray@cv@@UBEIH@Z 0042c2f6 f   opencv_core244d:opencv_core244d.dll
 0002:0001b2fc       ?type@_InputArray@cv@@UBEHH@Z 0042c2fc f   opencv_core244d:opencv_core244d.dll
 0002:0001b302       ?depth@_InputArray@cv@@UBEHH@Z 0042c302 f   opencv_core244d:opencv_core244d.dll
 0002:0001b308       ?channels@_InputArray@cv@@UBEHH@Z 0042c308 f   opencv_core244d:opencv_core244d.dll
 0002:0001b30e       ?empty@_InputArray@cv@@UBE_NXZ 0042c30e f   opencv_core244d:opencv_core244d.dll
 0002:0001b314       _cvCreateMemStorage        0042c314 f   opencv_core244d:opencv_core244d.dll
 0002:0001b31a       _cvLoad                    0042c31a f   opencv_core244d:opencv_core244d.dll
 0002:0001b320       ?set@Algorithm@cv@@QAEXPBDN@Z 0042c320 f   opencv_core244d:opencv_core244d.dll
 0002:0001b326       _cvConvertImage            0042c326 f   opencv_highgui244d:opencv_highgui244d.dll
 0002:0001b32c       _cvLoadImage               0042c32c f   opencv_highgui244d:opencv_highgui244d.dll
 0002:0001b332       _cvSaveImage               0042c332 f   opencv_highgui244d:opencv_highgui244d.dll
 0002:0001b338       _cvShowImage               0042c338 f   opencv_highgui244d:opencv_highgui244d.dll
 0002:0001b33e       ?imread@cv@@YA?AVMat@1@ABV?$basic_string@DU?$char_traits@D@std@@V?$allocator@D@2@@std@@H@Z 0042c33e f   opencv_highgui244d:opencv_highgui244d.dll
 0002:0001b344       _cvQueryFrame              0042c344 f   opencv_highgui244d:opencv_highgui244d.dll
 0002:0001b34a       _cvCreateCameraCapture     0042c34a f   opencv_highgui244d:opencv_highgui244d.dll
 0002:0001b350       _cvReleaseCapture          0042c350 f   opencv_highgui244d:opencv_highgui244d.dll
 0002:0001b356       _cvReleaseVideoWriter      0042c356 f   opencv_highgui244d:opencv_highgui244d.dll
 0002:0001b35c       ?imwrite@cv@@YA_NABV?$basic_string@DU?$char_traits@D@std@@V?$allocator@D@2@@std@@ABV_InputArray@1@ABV?$vector@HV?$allocator@H@std@@@3@@Z 0042c35c f   opencv_highgui244d:opencv_highgui244d.dll
 0002:0001b362       _cvEqualizeHist            0042c362 f   opencv_imgproc244d:opencv_imgproc244d.dll
 0002:0001b368       _cvResize                  0042c368 f   opencv_imgproc244d:opencv_imgproc244d.dll
 0002:0001b36e       _cvCvtColor                0042c36e f   opencv_imgproc244d:opencv_imgproc244d.dll
 0002:0001b374       _cvHaarDetectObjects       0042c374 f   opencv_objdetect244d:opencv_objdetect244d.dll
 0002:0001b37a       ??3@YAXPAX@Z               0042c37a f   mfc100d:mfc100d.dll
 0002:0001b380       ?AfxMessageBox@@YGHPBDII@Z 0042c380 f   mfc100d:mfc100d.dll
 0002:0001b386       ??2@YAPAXI@Z               0042c386 f   mfc100d:mfc100d.dll
 0002:0001b38c       ??0?$CStringT@DV?$StrTraitMFC_DLL@DV?$ChTraitsCRT@D@ATL@@@@@ATL@@QAE@PBD@Z 0042c38c f   mfc100d:mfc100d.dll
 0002:0001b392       ??1?$CStringT@DV?$StrTraitMFC_DLL@DV?$ChTraitsCRT@D@ATL@@@@@ATL@@QAE@XZ 0042c392 f   mfc100d:mfc100d.dll
 0002:0001b398       ?GetThisMessageMap@CWinApp@@KGPBUAFX_MSGMAP@@XZ 0042c398 f   mfc100d:mfc100d.dll
 0002:0001b39e       ?OnHelp@CWinApp@@IAEXXZ    0042c39e f   mfc100d:mfc100d.dll
 0002:0001b3a4       ??0CWinApp@@QAE@PBD@Z      0042c3a4 f   mfc100d:mfc100d.dll
 0002:0001b3aa       ?GetRuntimeClass@CWinApp@@UBEPAUCRuntimeClass@@XZ 0042c3aa f   mfc100d:mfc100d.dll
 0002:0001b3b0       ?Serialize@CObject@@UAEXAAVCArchive@@@Z 0042c3b0 f   mfc100d:mfc100d.dll
 0002:0001b3b6       ?AssertValid@CWinApp@@UBEXXZ 0042c3b6 f   mfc100d:mfc100d.dll
 0002:0001b3bc       ?Dump@CWinApp@@UBEXAAVCDumpContext@@@Z 0042c3bc f   mfc100d:mfc100d.dll
 0002:0001b3c2       ?OnCmdMsg@CCmdTarget@@UAEHIHPAXPAUAFX_CMDHANDLERINFO@@@Z 0042c3c2 f   mfc100d:mfc100d.dll
 0002:0001b3c8       ?OnFinalRelease@CCmdTarget@@UAEXXZ 0042c3c8 f   mfc100d:mfc100d.dll
 0002:0001b3ce       ?IsInvokeAllowed@CCmdTarget@@UAEHJ@Z 0042c3ce f   mfc100d:mfc100d.dll
 0002:0001b3d4       ?GetDispatchIID@CCmdTarget@@UAEHPAU_GUID@@@Z 0042c3d4 f   mfc100d:mfc100d.dll
 0002:0001b3da       ?GetTypeInfoCount@CCmdTarget@@UAEIXZ 0042c3da f   mfc100d:mfc100d.dll
 0002:0001b3e0       ?GetTypeLibCache@CCmdTarget@@UAEPAVCTypeLibCache@@XZ 0042c3e0 f   mfc100d:mfc100d.dll
 0002:0001b3e6       ?GetTypeLib@CCmdTarget@@UAEJKPAPAUITypeLib@@@Z 0042c3e6 f   mfc100d:mfc100d.dll
 0002:0001b3ec       ?GetCommandMap@CCmdTarget@@MBEPBUAFX_OLECMDMAP@@XZ 0042c3ec f   mfc100d:mfc100d.dll
 0002:0001b3f2       ?GetDispatchMap@CCmdTarget@@MBEPBUAFX_DISPMAP@@XZ 0042c3f2 f   mfc100d:mfc100d.dll
 0002:0001b3f8       ?GetConnectionMap@CCmdTarget@@MBEPBUAFX_CONNECTIONMAP@@XZ 0042c3f8 f   mfc100d:mfc100d.dll
 0002:0001b3fe       ?GetInterfaceMap@CCmdTarget@@MBEPBUAFX_INTERFACEMAP@@XZ 0042c3fe f   mfc100d:mfc100d.dll
 0002:0001b404       ?GetEventSinkMap@CCmdTarget@@MBEPBUAFX_EVENTSINKMAP@@XZ 0042c404 f   mfc100d:mfc100d.dll
 0002:0001b40a       ?OnCreateAggregates@CCmdTarget@@UAEHXZ 0042c40a f   mfc100d:mfc100d.dll
 0002:0001b410       ?GetInterfaceHook@CCmdTarget@@UAEPAUIUnknown@@PBX@Z 0042c410 f   mfc100d:mfc100d.dll
 0002:0001b416       ?GetExtraConnectionPoints@CCmdTarget@@MAEHPAVCPtrArray@@@Z 0042c416 f   mfc100d:mfc100d.dll
 0002:0001b41c       ?GetConnectionHook@CCmdTarget@@MAEPAUIConnectionPoint@@ABU_GUID@@@Z 0042c41c f   mfc100d:mfc100d.dll
 0002:0001b422       ?Run@CWinApp@@UAEHXZ       0042c422 f   mfc100d:mfc100d.dll
 0002:0001b428       ?PreTranslateMessage@CWinThread@@UAEHPAUtagMSG@@@Z 0042c428 f   mfc100d:mfc100d.dll
 0002:0001b42e       ?PumpMessage@CWinThread@@UAEHXZ 0042c42e f   mfc100d:mfc100d.dll
 0002:0001b434       ?OnIdle@CWinApp@@UAEHJ@Z   0042c434 f   mfc100d:mfc100d.dll
 0002:0001b43a       ?IsIdleMessage@CWinThread@@UAEHPAUtagMSG@@@Z 0042c43a f   mfc100d:mfc100d.dll
 0002:0001b440       ?ExitInstance@CWinApp@@UAEHXZ 0042c440 f   mfc100d:mfc100d.dll
 0002:0001b446       ?ProcessWndProcException@CWinApp@@UAEJPAVCException@@PBUtagMSG@@@Z 0042c446 f   mfc100d:mfc100d.dll
 0002:0001b44c       ?ProcessMessageFilter@CWinThread@@UAEHHPAUtagMSG@@@Z 0042c44c f   mfc100d:mfc100d.dll
 0002:0001b452       ?GetMainWnd@CWinThread@@UAEPAVCWnd@@XZ 0042c452 f   mfc100d:mfc100d.dll
 0002:0001b458       ?Delete@CWinThread@@UAEXXZ 0042c458 f   mfc100d:mfc100d.dll
 0002:0001b45e       ?GetProfileIntA@CWinApp@@UAEIPBD0H@Z 0042c45e f   mfc100d:mfc100d.dll
 0002:0001b464       ?WriteProfileInt@CWinApp@@UAEHPBD0H@Z 0042c464 f   mfc100d:mfc100d.dll
 0002:0001b46a       ?GetProfileStringA@CWinApp@@UAE?AV?$CStringT@DV?$StrTraitMFC_DLL@DV?$ChTraitsCRT@D@ATL@@@@@ATL@@PBD00@Z 0042c46a f   mfc100d:mfc100d.dll
 0002:0001b470       ?WriteProfileStringA@CWinApp@@UAEHPBD00@Z 0042c470 f   mfc100d:mfc100d.dll
 0002:0001b476       ?GetProfileBinary@CWinApp@@UAEHPBD0PAPAEPAI@Z 0042c476 f   mfc100d:mfc100d.dll
 0002:0001b47c       ?WriteProfileBinary@CWinApp@@UAEHPBD0PAEI@Z 0042c47c f   mfc100d:mfc100d.dll
 0002:0001b482       ?InitLibId@CWinApp@@UAEXXZ 0042c482 f   mfc100d:mfc100d.dll
 0002:0001b488       ?Register@CWinApp@@UAEHXZ  0042c488 f   mfc100d:mfc100d.dll
 0002:0001b48e       ?Unregister@CWinApp@@UAEHXZ 0042c48e f   mfc100d:mfc100d.dll
 0002:0001b494       ?OpenDocumentFile@CWinApp@@UAEPAVCDocument@@PBDH@Z 0042c494 f   mfc100d:mfc100d.dll
 0002:0001b49a       ?OpenDocumentFile@CWinApp@@UAEPAVCDocument@@PBD@Z 0042c49a f   mfc100d:mfc100d.dll
 0002:0001b4a0       ?AddToRecentFileList@CWinApp@@UAEXPBD@Z 0042c4a0 f   mfc100d:mfc100d.dll
 0002:0001b4a6       ?InitApplication@CWinApp@@UAEHXZ 0042c4a6 f   mfc100d:mfc100d.dll
 0002:0001b4ac       ?SaveAllModified@CWinApp@@UAEHXZ 0042c4ac f   mfc100d:mfc100d.dll
 0002:0001b4b2       ?DoMessageBox@CWinApp@@UAEHPBDII@Z 0042c4b2 f   mfc100d:mfc100d.dll
 0002:0001b4b8       ?DoWaitCursor@CWinApp@@UAEXH@Z 0042c4b8 f   mfc100d:mfc100d.dll
 0002:0001b4be       ?OnDDECommand@CWinApp@@UAEHPAD@Z 0042c4be f   mfc100d:mfc100d.dll
 0002:0001b4c4       ?WinHelpA@CWinApp@@UAEXKI@Z 0042c4c4 f   mfc100d:mfc100d.dll
 0002:0001b4ca       ?HtmlHelpA@CWinApp@@UAEXKI@Z 0042c4ca f   mfc100d:mfc100d.dll
 0002:0001b4d0       ?WinHelpInternal@CWinApp@@UAEXKI@Z 0042c4d0 f   mfc100d:mfc100d.dll
 0002:0001b4d6       ?RegisterWithRestartManager@CWinApp@@UAEJPB_WKP6GKPAX@Z1KK@Z 0042c4d6 f   mfc100d:mfc100d.dll
 0002:0001b4dc       ?RegisterWithRestartManager@CWinApp@@UAEJHABV?$CStringT@DV?$StrTraitMFC_DLL@DV?$ChTraitsCRT@D@ATL@@@@@ATL@@@Z 0042c4dc f   mfc100d:mfc100d.dll
 0002:0001b4e2       ?ApplicationRecoveryCallback@CWinApp@@UAEKPAX@Z 0042c4e2 f   mfc100d:mfc100d.dll
 0002:0001b4e8       ?GetDataRecoveryHandler@CWinApp@@UAEPAVCDataRecoveryHandler@@XZ 0042c4e8 f   mfc100d:mfc100d.dll
 0002:0001b4ee       ?IsTaskbarInteractionEnabled@CWinApp@@UAEHXZ 0042c4ee f   mfc100d:mfc100d.dll
 0002:0001b4f4       ?RestartInstance@CWinApp@@UAEHXZ 0042c4f4 f   mfc100d:mfc100d.dll
 0002:0001b4fa       ?LoadAppLangResourceDLL@CWinApp@@UAEPAUHINSTANCE__@@XZ 0042c4fa f   mfc100d:mfc100d.dll
 0002:0001b500       ?LoadSysPolicies@CWinApp@@UAEHXZ 0042c500 f   mfc100d:mfc100d.dll
 0002:0001b506       ??3CObject@@SGXPAX@Z       0042c506 f   mfc100d:mfc100d.dll
 0002:0001b50c       ??1CWinApp@@UAE@XZ         0042c50c f   mfc100d:mfc100d.dll
 0002:0001b512       ??3CObject@@SGXPAXPBDH@Z   0042c512 f   mfc100d:mfc100d.dll
 0002:0001b518       ?DoModal@CDialog@@UAEHXZ   0042c518 f   mfc100d:mfc100d.dll
 0002:0001b51e       ?SetRegistryKey@CWinApp@@IAEXPBD@Z 0042c51e f   mfc100d:mfc100d.dll
 0002:0001b524       ??0CShellManager@@QAE@XZ   0042c524 f   mfc100d:mfc100d.dll
 0002:0001b52a       ??2CObject@@SGPAXIPBDH@Z   0042c52a f   mfc100d:mfc100d.dll
 0002:0001b530       ?AfxEnableControlContainer@@YAXPAVCOccManager@@@Z 0042c530 f   mfc100d:mfc100d.dll
 0002:0001b536       ?InitInstance@CWinApp@@UAEHXZ 0042c536 f   mfc100d:mfc100d.dll
 0002:0001b53c       ??1CDialog@@UAE@XZ         0042c53c f   mfc100d:mfc100d.dll
 0002:0001b542       ??1CBrush@@UAE@XZ          0042c542 f   mfc100d:mfc100d.dll
 0002:0001b548       ??1CDialogImpl@@MAE@XZ     0042c548 f   mfc100d:mfc100d.dll
 0002:0001b54e       ?GetThisMessageMap@CDialogEx@@KGPBUAFX_MSGMAP@@XZ 0042c54e f   mfc100d:mfc100d.dll
 0002:0001b554       ??0CDialogEx@@QAE@IPAVCWnd@@@Z 0042c554 f   mfc100d:mfc100d.dll
 0002:0001b55a       ?GetRuntimeClass@CDialogEx@@UBEPAUCRuntimeClass@@XZ 0042c55a f   mfc100d:mfc100d.dll
 0002:0001b560       ?AssertValid@CDialog@@UBEXXZ 0042c560 f   mfc100d:mfc100d.dll
 0002:0001b566       ?Dump@CDialog@@UBEXAAVCDumpContext@@@Z 0042c566 f   mfc100d:mfc100d.dll
 0002:0001b56c       ?OnCmdMsg@CDialog@@UAEHIHPAXPAUAFX_CMDHANDLERINFO@@@Z 0042c56c f   mfc100d:mfc100d.dll
 0002:0001b572       ?OnFinalRelease@CWnd@@UAEXXZ 0042c572 f   mfc100d:mfc100d.dll
 0002:0001b578       ?GetInterfaceMap@CWnd@@MBEPBUAFX_INTERFACEMAP@@XZ 0042c578 f   mfc100d:mfc100d.dll
 0002:0001b57e       ?PreSubclassWindow@CWnd@@UAEXXZ 0042c57e f   mfc100d:mfc100d.dll
 0002:0001b584       ?Create@CWnd@@UAEHPBD0KABUtagRECT@@PAV1@IPAUCCreateContext@@@Z 0042c584 f   mfc100d:mfc100d.dll
 0002:0001b58a       ?CreateEx@CWnd@@UAEHKPBD0KABUtagRECT@@PAV1@IPAX@Z 0042c58a f   mfc100d:mfc100d.dll
 0002:0001b590       ?CreateEx@CWnd@@UAEHKPBD0KHHHHPAUHWND__@@PAUHMENU__@@PAX@Z 0042c590 f   mfc100d:mfc100d.dll
 0002:0001b596       ?DestroyWindow@CWnd@@UAEHXZ 0042c596 f   mfc100d:mfc100d.dll
 0002:0001b59c       ?PreCreateWindow@CWnd@@UAEHAAUtagCREATESTRUCTA@@@Z 0042c59c f   mfc100d:mfc100d.dll
 0002:0001b5a2       ?CalcWindowRect@CWnd@@UAEXPAUtagRECT@@I@Z 0042c5a2 f   mfc100d:mfc100d.dll
 0002:0001b5a8       ?GetMenu@CWnd@@UBEPAVCMenu@@XZ 0042c5a8 f   mfc100d:mfc100d.dll
 0002:0001b5ae       ?SetMenu@CWnd@@UAEHPAVCMenu@@@Z 0042c5ae f   mfc100d:mfc100d.dll
 0002:0001b5b4       ?OnToolHitTest@CWnd@@UBEHVCPoint@@PAUtagTOOLINFOA@@@Z 0042c5b4 f   mfc100d:mfc100d.dll
 0002:0001b5ba       ?GetScrollBarCtrl@CWnd@@UBEPAVCScrollBar@@H@Z 0042c5ba f   mfc100d:mfc100d.dll
 0002:0001b5c0       ?WinHelpA@CWnd@@UAEXKI@Z   0042c5c0 f   mfc100d:mfc100d.dll
 0002:0001b5c6       ?HtmlHelpA@CWnd@@UAEXKI@Z  0042c5c6 f   mfc100d:mfc100d.dll
 0002:0001b5cc       ?WinHelpInternal@CWnd@@UAEXKI@Z 0042c5cc f   mfc100d:mfc100d.dll
 0002:0001b5d2       ?ContinueModal@CWnd@@UAEHXZ 0042c5d2 f   mfc100d:mfc100d.dll
 0002:0001b5d8       ?EndModalLoop@CWnd@@UAEXH@Z 0042c5d8 f   mfc100d:mfc100d.dll
 0002:0001b5de       ?OnDrawIconicThumbnailOrLivePreview@CWnd@@UAEXAAVCDC@@VCRect@@VCSize@@HAAH@Z 0042c5de f   mfc100d:mfc100d.dll
 0002:0001b5e4       ?EnsureStdObj@CWnd@@UAEJXZ 0042c5e4 f   mfc100d:mfc100d.dll
 0002:0001b5ea       ?get_accParent@CWnd@@UAEJPAPAUIDispatch@@@Z 0042c5ea f   mfc100d:mfc100d.dll
 0002:0001b5f0       ?get_accChildCount@CWnd@@UAEJPAJ@Z 0042c5f0 f   mfc100d:mfc100d.dll
 0002:0001b5f6       ?get_accChild@CWnd@@UAEJUtagVARIANT@@PAPAUIDispatch@@@Z 0042c5f6 f   mfc100d:mfc100d.dll
 0002:0001b5fc       ?get_accName@CWnd@@UAEJUtagVARIANT@@PAPA_W@Z 0042c5fc f   mfc100d:mfc100d.dll
 0002:0001b602       ?get_accValue@CWnd@@UAEJUtagVARIANT@@PAPA_W@Z 0042c602 f   mfc100d:mfc100d.dll
 0002:0001b608       ?get_accDescription@CWnd@@UAEJUtagVARIANT@@PAPA_W@Z 0042c608 f   mfc100d:mfc100d.dll
 0002:0001b60e       ?get_accRole@CWnd@@UAEJUtagVARIANT@@PAU2@@Z 0042c60e f   mfc100d:mfc100d.dll
 0002:0001b614       ?get_accState@CWnd@@UAEJUtagVARIANT@@PAU2@@Z 0042c614 f   mfc100d:mfc100d.dll
 0002:0001b61a       ?get_accHelp@CWnd@@UAEJUtagVARIANT@@PAPA_W@Z 0042c61a f   mfc100d:mfc100d.dll
 0002:0001b620       ?get_accHelpTopic@CWnd@@UAEJPAPA_WUtagVARIANT@@PAJ@Z 0042c620 f   mfc100d:mfc100d.dll
 0002:0001b626       ?get_accKeyboardShortcut@CWnd@@UAEJUtagVARIANT@@PAPA_W@Z 0042c626 f   mfc100d:mfc100d.dll
 0002:0001b62c       ?get_accFocus@CWnd@@UAEJPAUtagVARIANT@@@Z 0042c62c f   mfc100d:mfc100d.dll
 0002:0001b632       ?get_accSelection@CWnd@@UAEJPAUtagVARIANT@@@Z 0042c632 f   mfc100d:mfc100d.dll
[...]
 0005:00001224       __imp_?accLocation@CWnd@@UAEJPAJ000UtagVARIANT@@@Z 00442224     mfc100d:mfc100d.dll
 0005:00001228       __imp_?accSelect@CWnd@@UAEJJUtagVARIANT@@@Z 00442228     mfc100d:mfc100d.dll
 0005:0000122c       __imp_?get_accDefaultAction@CWnd@@UAEJUtagVARIANT@@PAPA_W@Z 0044222c     mfc100d:mfc100d.dll
 0005:00001230       __imp_?get_accSelection@CWnd@@UAEJPAUtagVARIANT@@@Z 00442230     mfc100d:mfc100d.dll
 0005:00001234       __imp_?get_accFocus@CWnd@@UAEJPAUtagVARIANT@@@Z 00442234     mfc100d:mfc100d.dll
 0005:00001238       __imp_?get_accKeyboardShortcut@CWnd@@UAEJUtagVARIANT@@PAPA_W@Z 00442238     mfc100d:mfc100d.dll
 0005:0000123c       __imp_?get_accHelpTopic@CWnd@@UAEJPAPA_WUtagVARIANT@@PAJ@Z 0044223c     mfc100d:mfc100d.dll
 0005:00001240       __imp_?get_accHelp@CWnd@@UAEJUtagVARIANT@@PAPA_W@Z 00442240     mfc100d:mfc100d.dll
 0005:00001244       __imp_?get_accState@CWnd@@UAEJUtagVARIANT@@PAU2@@Z 00442244     mfc100d:mfc100d.dll
 0005:00001248       __imp_?get_accRole@CWnd@@UAEJUtagVARIANT@@PAU2@@Z 00442248     mfc100d:mfc100d.dll
 0005:0000124c       __imp_?get_accDescription@CWnd@@UAEJUtagVARIANT@@PAPA_W@Z 0044224c     mfc100d:mfc100d.dll
 0005:00001250       __imp_?get_accValue@CWnd@@UAEJUtagVARIANT@@PAPA_W@Z 00442250     mfc100d:mfc100d.dll
 0005:00001254       __imp_?get_accName@CWnd@@UAEJUtagVARIANT@@PAPA_W@Z 00442254     mfc100d:mfc100d.dll
 0005:00001258       __imp_?get_accChild@CWnd@@UAEJUtagVARIANT@@PAPAUIDispatch@@@Z 00442258     mfc100d:mfc100d.dll
 0005:0000125c       __imp_?get_accChildCount@CWnd@@UAEJPAJ@Z 0044225c     mfc100d:mfc100d.dll
 0005:00001260       __imp_?get_accParent@CWnd@@UAEJPAPAUIDispatch@@@Z 00442260     mfc100d:mfc100d.dll
 0005:00001264       __imp_?EnsureStdObj@CWnd@@UAEJXZ 00442264     mfc100d:mfc100d.dll
 0005:00001268       __imp_?OnDrawIconicThumbnailOrLivePreview@CWnd@@UAEXAAVCDC@@VCRect@@VCSize@@HAAH@Z 00442268     mfc100d:mfc100d.dll
 0005:0000126c       __imp_?EndModalLoop@CWnd@@UAEXH@Z 0044226c     mfc100d:mfc100d.dll
 0005:00001270       __imp_?ContinueModal@CWnd@@UAEHXZ 00442270     mfc100d:mfc100d.dll
 0005:00001274       __imp_?WinHelpInternal@CWnd@@UAEXKI@Z 00442274     mfc100d:mfc100d.dll
 0005:00001278       __imp_?HtmlHelpA@CWnd@@UAEXKI@Z 00442278     mfc100d:mfc100d.dll
 0005:0000127c       __imp_?WinHelpA@CWnd@@UAEXKI@Z 0044227c     mfc100d:mfc100d.dll
 0005:00001280       __imp_?GetScrollBarCtrl@CWnd@@UBEPAVCScrollBar@@H@Z 00442280     mfc100d:mfc100d.dll
 0005:00001284       __imp_?OnToolHitTest@CWnd@@UBEHVCPoint@@PAUtagTOOLINFOA@@@Z 00442284     mfc100d:mfc100d.dll
 0005:00001288       __imp_?SetMenu@CWnd@@UAEHPAVCMenu@@@Z 00442288     mfc100d:mfc100d.dll
 0005:0000128c       __imp_?GetMenu@CWnd@@UBEPAVCMenu@@XZ 0044228c     mfc100d:mfc100d.dll
 0005:00001290       __imp_?CalcWindowRect@CWnd@@UAEXPAUtagRECT@@I@Z 00442290     mfc100d:mfc100d.dll
 0005:00001294       __imp_?PreCreateWindow@CWnd@@UAEHAAUtagCREATESTRUCTA@@@Z 00442294     mfc100d:mfc100d.dll
 0005:00001298       __imp_?DestroyWindow@CWnd@@UAEHXZ 00442298     mfc100d:mfc100d.dll
 0005:0000129c       __imp_?CreateEx@CWnd@@UAEHKPBD0KHHHHPAUHWND__@@PAUHMENU__@@PAX@Z 0044229c     mfc100d:mfc100d.dll
 0005:000012a0       __imp_?CreateEx@CWnd@@UAEHKPBD0KABUtagRECT@@PAV1@IPAX@Z 004422a0     mfc100d:mfc100d.dll
 0005:000012a4       __imp_?Create@CWnd@@UAEHPBD0KABUtagRECT@@PAV1@IPAUCCreateContext@@@Z 004422a4     mfc100d:mfc100d.dll
 0005:000012a8       __imp_?PreSubclassWindow@CWnd@@UAEXXZ 004422a8     mfc100d:mfc100d.dll
 0005:000012ac       __imp_?GetInterfaceMap@CWnd@@MBEPBUAFX_INTERFACEMAP@@XZ 004422ac     mfc100d:mfc100d.dll
 0005:000012b0       __imp_?OnFinalRelease@CWnd@@UAEXXZ 004422b0     mfc100d:mfc100d.dll
 0005:000012b4       __imp_?OnCmdMsg@CDialog@@UAEHIHPAXPAUAFX_CMDHANDLERINFO@@@Z 004422b4     mfc100d:mfc100d.dll
 0005:000012b8       __imp_?Dump@CDialog@@UBEXAAVCDumpContext@@@Z 004422b8     mfc100d:mfc100d.dll
 0005:000012bc       __imp_?AssertValid@CDialog@@UBEXXZ 004422bc     mfc100d:mfc100d.dll
 0005:000012c0       __imp_?GetRuntimeClass@CDialogEx@@UBEPAUCRuntimeClass@@XZ 004422c0     mfc100d:mfc100d.dll
 0005:000012c4       __imp_??0CDialogEx@@QAE@IPAVCWnd@@@Z 004422c4     mfc100d:mfc100d.dll
 0005:000012c8       __imp_?GetThisMessageMap@CDialogEx@@KGPBUAFX_MSGMAP@@XZ 004422c8     mfc100d:mfc100d.dll
 0005:000012cc       __imp_??1CDialogImpl@@MAE@XZ 004422cc     mfc100d:mfc100d.dll
 0005:000012d0       __imp_??1CBrush@@UAE@XZ    004422d0     mfc100d:mfc100d.dll
 0005:000012d4       __imp_??1CDialog@@UAE@XZ   004422d4     mfc100d:mfc100d.dll
 0005:000012d8       __imp_?InitInstance@CWinApp@@UAEHXZ 004422d8     mfc100d:mfc100d.dll
 0005:000012dc       __imp_?AfxEnableControlContainer@@YAXPAVCOccManager@@@Z 004422dc     mfc100d:mfc100d.dll
 0005:000012e0       __imp_??2CObject@@SGPAXIPBDH@Z 004422e0     mfc100d:mfc100d.dll
 0005:000012e4       __imp_?WinHelpA@CWinApp@@UAEXKI@Z 004422e4     mfc100d:mfc100d.dll
 0005:000012e8       __imp_?OnDDECommand@CWinApp@@UAEHPAD@Z 004422e8     mfc100d:mfc100d.dll
 0005:000012ec       __imp_?DoWaitCursor@CWinApp@@UAEXH@Z 004422ec     mfc100d:mfc100d.dll
 0005:000012f0       __imp_?DoMessageBox@CWinApp@@UAEHPBDII@Z 004422f0     mfc100d:mfc100d.dll
 0005:000012f4       __imp_?SaveAllModified@CWinApp@@UAEHXZ 004422f4     mfc100d:mfc100d.dll
 0005:000012f8       __imp_?InitApplication@CWinApp@@UAEHXZ 004422f8     mfc100d:mfc100d.dll
 0005:000012fc       __imp_?AddToRecentFileList@CWinApp@@UAEXPBD@Z 004422fc     mfc100d:mfc100d.dll
 0005:00001300       __imp_?OpenDocumentFile@CWinApp@@UAEPAVCDocument@@PBD@Z 00442300     mfc100d:mfc100d.dll
 0005:00001304       __imp_?OpenDocumentFile@CWinApp@@UAEPAVCDocument@@PBDH@Z 00442304     mfc100d:mfc100d.dll
 0005:00001308       __imp_?Unregister@CWinApp@@UAEHXZ 00442308     mfc100d:mfc100d.dll
 0005:0000130c       __imp_?Register@CWinApp@@UAEHXZ 0044230c     mfc100d:mfc100d.dll
 0005:00001310       __imp_?InitLibId@CWinApp@@UAEXXZ 00442310     mfc100d:mfc100d.dll
 0005:00001314       __imp_?WriteProfileBinary@CWinApp@@UAEHPBD0PAEI@Z 00442314     mfc100d:mfc100d.dll
 0005:00001318       __imp_?GetProfileBinary@CWinApp@@UAEHPBD0PAPAEPAI@Z 00442318     mfc100d:mfc100d.dll
 0005:0000131c       __imp_?WriteProfileStringA@CWinApp@@UAEHPBD00@Z 0044231c     mfc100d:mfc100d.dll
 0005:00001320       __imp_?GetProfileStringA@CWinApp@@UAE?AV?$CStringT@DV?$StrTraitMFC_DLL@DV?$ChTraitsCRT@D@ATL@@@@@ATL@@PBD00@Z 00442320     mfc100d:mfc100d.dll
 0005:00001324       __imp_?WriteProfileInt@CWinApp@@UAEHPBD0H@Z 00442324     mfc100d:mfc100d.dll
 0005:00001328       __imp_?GetProfileIntA@CWinApp@@UAEIPBD0H@Z 00442328     mfc100d:mfc100d.dll
 0005:0000132c       __imp_?Delete@CWinThread@@UAEXXZ 0044232c     mfc100d:mfc100d.dll
 0005:00001330       __imp_?GetMainWnd@CWinThread@@UAEPAVCWnd@@XZ 00442330     mfc100d:mfc100d.dll
 0005:00001334       __imp_?ProcessMessageFilter@CWinThread@@UAEHHPAUtagMSG@@@Z 00442334     mfc100d:mfc100d.dll
 0005:00001338       __imp_?ProcessWndProcException@CWinApp@@UAEJPAVCException@@PBUtagMSG@@@Z 00442338     mfc100d:mfc100d.dll
 0005:0000133c       __imp_?ExitInstance@CWinApp@@UAEHXZ 0044233c     mfc100d:mfc100d.dll
 0005:00001340       __imp_?IsIdleMessage@CWinThread@@UAEHPAUtagMSG@@@Z 00442340     mfc100d:mfc100d.dll
 0005:00001344       __imp_?OnIdle@CWinApp@@UAEHJ@Z 00442344     mfc100d:mfc100d.dll
 0005:00001348       __imp_?PumpMessage@CWinThread@@UAEHXZ 00442348     mfc100d:mfc100d.dll
 0005:0000134c       __imp_?PreTranslateMessage@CWinThread@@UAEHPAUtagMSG@@@Z 0044234c     mfc100d:mfc100d.dll
 0005:00001350       __imp_?Run@CWinApp@@UAEHXZ 00442350     mfc100d:mfc100d.dll
 0005:00001354       __imp_?GetConnectionHook@CCmdTarget@@MAEPAUIConnectionPoint@@ABU_GUID@@@Z 00442354     mfc100d:mfc100d.dll
 0005:00001358       __imp_?GetExtraConnectionPoints@CCmdTarget@@MAEHPAVCPtrArray@@@Z 00442358     mfc100d:mfc100d.dll
 0005:0000135c       __imp_?GetInterfaceHook@CCmdTarget@@UAEPAUIUnknown@@PBX@Z 0044235c     mfc100d:mfc100d.dll
 0005:00001360       __imp_??0CShellManager@@QAE@XZ 00442360     mfc100d:mfc100d.dll
 0005:00001364       __imp_?SetRegistryKey@CWinApp@@IAEXPBD@Z 00442364     mfc100d:mfc100d.dll
 0005:00001368       __imp_?OnCreateAggregates@CCmdTarget@@UAEHXZ 00442368     mfc100d:mfc100d.dll
 0005:0000136c       __imp_?GetEventSinkMap@CCmdTarget@@MBEPBUAFX_EVENTSINKMAP@@XZ 0044236c     mfc100d:mfc100d.dll
 0005:00001370       __imp_?GetInterfaceMap@CCmdTarget@@MBEPBUAFX_INTERFACEMAP@@XZ 00442370     mfc100d:mfc100d.dll
 0005:00001374       __imp_?GetConnectionMap@CCmdTarget@@MBEPBUAFX_CONNECTIONMAP@@XZ 00442374     mfc100d:mfc100d.dll
 0005:00001378       __imp_?GetDispatchMap@CCmdTarget@@MBEPBUAFX_DISPMAP@@XZ 00442378     mfc100d:mfc100d.dll
 0005:0000137c       __imp_?GetCommandMap@CCmdTarget@@MBEPBUAFX_OLECMDMAP@@XZ 0044237c     mfc100d:mfc100d.dll
 0005:00001380       __imp_?DoModal@CDialog@@UAEHXZ 00442380     mfc100d:mfc100d.dll
 0005:00001384       __imp_??3CObject@@SGXPAXPBDH@Z 00442384     mfc100d:mfc100d.dll
 0005:00001388       __imp_?GetTypeLib@CCmdTarget@@UAEJKPAPAUITypeLib@@@Z 00442388     mfc100d:mfc100d.dll
 0005:0000138c       __imp_?GetTypeLibCache@CCmdTarget@@UAEPAVCTypeLibCache@@XZ 0044238c     mfc100d:mfc100d.dll
 0005:00001390       __imp_?GetTypeInfoCount@CCmdTarget@@UAEIXZ 00442390     mfc100d:mfc100d.dll
 0005:00001394       __imp_?GetDispatchIID@CCmdTarget@@UAEHPAU_GUID@@@Z 00442394     mfc100d:mfc100d.dll
 0005:00001398       __imp_?IsInvokeAllowed@CCmdTarget@@UAEHJ@Z 00442398     mfc100d:mfc100d.dll
 0005:0000139c       __imp_?OnFinalRelease@CCmdTarget@@UAEXXZ 0044239c     mfc100d:mfc100d.dll
 0005:000013a0       __imp_?OnCmdMsg@CCmdTarget@@UAEHIHPAXPAUAFX_CMDHANDLERINFO@@@Z 004423a0     mfc100d:mfc100d.dll
 0005:000013a4       __imp_?Dump@CWinApp@@UBEXAAVCDumpContext@@@Z 004423a4     mfc100d:mfc100d.dll
 0005:000013a8       __imp_?AssertValid@CWinApp@@UBEXXZ 004423a8     mfc100d:mfc100d.dll
 0005:000013ac       __imp_?Serialize@CObject@@UAEXAAVCArchive@@@Z 004423ac     mfc100d:mfc100d.dll
 0005:000013b0       __imp_?GetRuntimeClass@CWinApp@@UBEPAUCRuntimeClass@@XZ 004423b0     mfc100d:mfc100d.dll
 0005:000013b4       __imp_??0CWinApp@@QAE@PBD@Z 004423b4     mfc100d:mfc100d.dll
 0005:000013b8       __imp_?OnHelp@CWinApp@@IAEXXZ 004423b8     mfc100d:mfc100d.dll
 0005:000013bc       __imp_?GetThisMessageMap@CWinApp@@KGPBUAFX_MSGMAP@@XZ 004423bc     mfc100d:mfc100d.dll
 0005:000013c0       __imp_??1?$CStringT@DV?$StrTraitMFC_DLL@DV?$ChTraitsCRT@D@ATL@@@@@ATL@@QAE@XZ 004423c0     mfc100d:mfc100d.dll
 0005:000013c4       __imp_??0?$CStringT@DV?$StrTraitMFC_DLL@DV?$ChTraitsCRT@D@ATL@@@@@ATL@@QAE@PBD@Z 004423c4     mfc100d:mfc100d.dll
 0005:000013c8       __imp_??2@YAPAXI@Z         004423c8     mfc100d:mfc100d.dll
 0005:000013cc       __imp_?AfxMessageBox@@YGHPBDII@Z 004423cc     mfc100d:mfc100d.dll
 0005:000013d0       __imp_??3@YAXPAX@Z         004423d0     mfc100d:mfc100d.dll
 0005:000013d4       __imp_??1CWinApp@@UAE@XZ   004423d4     mfc100d:mfc100d.dll
 0005:000013d8       __imp_??3CObject@@SGXPAX@Z 004423d8     mfc100d:mfc100d.dll
 0005:000013dc       __imp_?LoadSysPolicies@CWinApp@@UAEHXZ 004423dc     mfc100d:mfc100d.dll
 0005:000013e0       __imp_?LoadAppLangResourceDLL@CWinApp@@UAEPAUHINSTANCE__@@XZ 004423e0     mfc100d:mfc100d.dll
 0005:000013e4       __imp_?RestartInstance@CWinApp@@UAEHXZ 004423e4     mfc100d:mfc100d.dll
 0005:000013e8       __imp_?IsTaskbarInteractionEnabled@CWinApp@@UAEHXZ 004423e8     mfc100d:mfc100d.dll
 0005:000013ec       __imp_?GetDataRecoveryHandler@CWinApp@@UAEPAVCDataRecoveryHandler@@XZ 004423ec     mfc100d:mfc100d.dll
 0005:000013f0       __imp_?ApplicationRecoveryCallback@CWinApp@@UAEKPAX@Z 004423f0     mfc100d:mfc100d.dll
 0005:000013f4       __imp_?RegisterWithRestartManager@CWinApp@@UAEJHABV?$CStringT@DV?$StrTraitMFC_DLL@DV?$ChTraitsCRT@D@ATL@@@@@ATL@@@Z 004423f4     mfc100d:mfc100d.dll
 0005:000013f8       __imp_?RegisterWithRestartManager@CWinApp@@UAEJPB_WKP6GKPAX@Z1KK@Z 004423f8     mfc100d:mfc100d.dll
 0005:000013fc       __imp_?Concatenate@?$CSimpleStringT@D$00@ATL@@KAXAAV12@PBDH1H@Z 004423fc     mfc100d:mfc100d.dll
 0005:00001400       __imp_?WinHelpInternal@CWinApp@@UAEXKI@Z 00442400     mfc100d:mfc100d.dll
 0005:00001404       __imp_?AfxWinMain@@YGHPAUHINSTANCE__@@0PADH@Z 00442404     mfc100d:mfc100d.dll
 0005:00001408       __imp_?OnTouchInput@CWnd@@MAEHVCPoint@@HHPAUtagTOUCHINPUT@@@Z 00442408     mfc100d:mfc100d.dll
 0005:0000140c       __imp_??B?$CSimpleStringT@D$00@ATL@@QBEPBDXZ 0044240c     mfc100d:mfc100d.dll
 0005:00001410       \177mfc100d_NULL_THUNK_DATA 00442410     mfc100d:mfc100d.dll
 0005:000014e0       __imp_?createLBPHFaceRecognizer@cv@@YA?AV?$Ptr@VFaceRecognizer@cv@@@1@HHHHN@Z 004424e0     opencv_contrib244d:opencv_contrib244d.dll
 0005:000014e4       \177opencv_contrib244d_NULL_THUNK_DATA 004424e4     opencv_contrib244d:opencv_contrib244d.dll
 0005:00001510       __imp__cvReleaseImage      00442510     opencv_core244d:opencv_core244d.dll
 0005:00001514       __imp__cvCreateImage       00442514     opencv_core244d:opencv_core244d.dll
 0005:00001518       __imp__cvGetSize           00442518     opencv_core244d:opencv_core244d.dll
 0005:0000151c       __imp__cvSetImageROI       0044251c     opencv_core244d:opencv_core244d.dll
 0005:00001520       __imp__cvGetImageROI       00442520     opencv_core244d:opencv_core244d.dll
 0005:00001524       __imp__cvSet               00442524     opencv_core244d:opencv_core244d.dll
 0005:00001528       __imp__cvCircle            00442528     opencv_core244d:opencv_core244d.dll
 0005:0000152c       __imp__cvRectangle         0044252c     opencv_core244d:opencv_core244d.dll
 0005:00001530       __imp__cvResetImageROI     00442530     opencv_core244d:opencv_core244d.dll
 0005:00001534       __imp__cvCopy              00442534     opencv_core244d:opencv_core244d.dll
 0005:00001538       __imp__cvGetSubRect        00442538     opencv_core244d:opencv_core244d.dll
 0005:0000153c       __imp__cvGetSeqElem        0044253c     opencv_core244d:opencv_core244d.dll
 0005:00001540       __imp__cvGetTickCount      00442540     opencv_core244d:opencv_core244d.dll
 0005:00001544       __imp__cvClearMemStorage   00442544     opencv_core244d:opencv_core244d.dll
 0005:00001548       __imp_??0_InputArray@cv@@QAE@ABVMat@1@@Z 00442548     opencv_core244d:opencv_core244d.dll
 0005:0000154c       __imp_?set@Algorithm@cv@@QAEXPBDN@Z 0044254c     opencv_core244d:opencv_core244d.dll
 0005:00001550       __imp__cvLoad              00442550     opencv_core244d:opencv_core244d.dll
 0005:00001554       __imp__cvCreateMemStorage  00442554     opencv_core244d:opencv_core244d.dll
 0005:00001558       __imp_?empty@_InputArray@cv@@UBE_NXZ 00442558     opencv_core244d:opencv_core244d.dll
 0005:0000155c       __imp_?channels@_InputArray@cv@@UBEHH@Z 0044255c     opencv_core244d:opencv_core244d.dll
 0005:00001560       __imp_?depth@_InputArray@cv@@UBEHH@Z 00442560     opencv_core244d:opencv_core244d.dll
 0005:00001564       __imp_?type@_InputArray@cv@@UBEHH@Z 00442564     opencv_core244d:opencv_core244d.dll
 0005:00001568       __imp_?total@_InputArray@cv@@UBEIH@Z 00442568     opencv_core244d:opencv_core244d.dll
 0005:0000156c       __imp_?size@_InputArray@cv@@UBE?AV?$Size_@H@2@H@Z 0044256c     opencv_core244d:opencv_core244d.dll
 0005:00001570       __imp_?kind@_InputArray@cv@@UBEHXZ 00442570     opencv_core244d:opencv_core244d.dll
 0005:00001574       __imp_?getGpuMat@_InputArray@cv@@UBE?AVGpuMat@gpu@2@XZ 00442574     opencv_core244d:opencv_core244d.dll
 0005:00001578       __imp_?getGlTexture@_InputArray@cv@@UBE?AVGlTexture@2@XZ 00442578     opencv_core244d:opencv_core244d.dll
 0005:0000157c       __imp_?getGlBuffer@_InputArray@cv@@UBE?AVGlBuffer@2@XZ 0044257c     opencv_core244d:opencv_core244d.dll
 0005:00001580       __imp_?getMatVector@_InputArray@cv@@UBEXAAV?$vector@VMat@cv@@V?$allocator@VMat@cv@@@std@@@std@@@Z 00442580     opencv_core244d:opencv_core244d.dll
 0005:00001584       __imp_?getMat@_InputArray@cv@@UBE?AVMat@2@H@Z 00442584     opencv_core244d:opencv_core244d.dll
 0005:00001588       __imp_??0Exception@cv@@QAE@HABV?$basic_string@DU?$char_traits@D@std@@V?$allocator@D@2@@std@@00H@Z 00442588     opencv_core244d:opencv_core244d.dll
 0005:0000158c       __imp_?error@cv@@YAXABVException@1@@Z 0044258c     opencv_core244d:opencv_core244d.dll
 0005:00001590       __imp_??1Exception@cv@@UAE@XZ 00442590     opencv_core244d:opencv_core244d.dll
 0005:00001594       __imp_?copySize@Mat@cv@@QAEXABV12@@Z 00442594     opencv_core244d:opencv_core244d.dll
 0005:00001598       __imp_??0_OutputArray@cv@@QAE@AAVMat@1@@Z 00442598     opencv_core244d:opencv_core244d.dll
 0005:0000159c       __imp_?noArray@cv@@YAABV_OutputArray@1@XZ 0044259c     opencv_core244d:opencv_core244d.dll
 0005:000015a0       __imp_?normalize@cv@@YAXABV_InputArray@1@ABV_OutputArray@1@NNHH0@Z 004425a0     opencv_core244d:opencv_core244d.dll
 0005:000015a4       __imp_?copyTo@Mat@cv@@QBEXABV_OutputArray@2@@Z 004425a4     opencv_core244d:opencv_core244d.dll
 0005:000015a8       __imp__cvInitFont          004425a8     opencv_core244d:opencv_core244d.dll
 0005:000015ac       __imp__cvPutText           004425ac     opencv_core244d:opencv_core244d.dll
 0005:000015b0       __imp_?_interlockedExchangeAdd@cv@@YAHPAHH@Z 004425b0     opencv_core244d:opencv_core244d.dll
 0005:000015b4       __imp_?deallocate@Mat@cv@@QAEXXZ 004425b4     opencv_core244d:opencv_core244d.dll
 0005:000015b8       __imp_?fastFree@cv@@YAXPAX@Z 004425b8     opencv_core244d:opencv_core244d.dll
 0005:000015bc       __imp_??0Mat@cv@@QAE@PBU_IplImage@@_N@Z 004425bc     opencv_core244d:opencv_core244d.dll
 0005:000015c0       __imp_??0_InputArray@cv@@QAE@ABV?$vector@VMat@cv@@V?$allocator@VMat@cv@@@std@@@std@@@Z 004425c0     opencv_core244d:opencv_core244d.dll
 0005:000015c4       \177opencv_core244d_NULL_THUNK_DATA 004425c4     opencv_core244d:opencv_core244d.dll
 0005:00001614       __imp__cvConvertImage      00442614     opencv_highgui244d:opencv_highgui244d.dll
 0005:00001618       __imp__cvLoadImage         00442618     opencv_highgui244d:opencv_highgui244d.dll
 0005:0000161c       __imp__cvSaveImage         0044261c     opencv_highgui244d:opencv_highgui244d.dll
 0005:00001620       __imp__cvShowImage         00442620     opencv_highgui244d:opencv_highgui244d.dll
 0005:00001624       __imp_?imread@cv@@YA?AVMat@1@ABV?$basic_string@DU?$char_traits@D@std@@V?$allocator@D@2@@std@@H@Z 00442624     opencv_highgui244d:opencv_highgui244d.dll
 0005:00001628       __imp__cvQueryFrame        00442628     opencv_highgui244d:opencv_highgui244d.dll
 0005:0000162c       __imp__cvCreateCameraCapture 0044262c     opencv_highgui244d:opencv_highgui244d.dll
 0005:00001630       __imp__cvReleaseCapture    00442630     opencv_highgui244d:opencv_highgui244d.dll
 0005:00001634       __imp__cvReleaseVideoWriter 00442634     opencv_highgui244d:opencv_highgui244d.dll
 0005:00001638       __imp_?imwrite@cv@@YA_NABV?$basic_string@DU?$char_traits@D@std@@V?$allocator@D@2@@std@@ABV_InputArray@1@ABV?$vector@HV?$allocator@H@std@@@3@@Z 00442638     opencv_highgui244d:opencv_highgui244d.dll
 0005:0000163c       \177opencv_highgui244d_NULL_THUNK_DATA 0044263c     opencv_highgui244d:opencv_highgui244d.dll
 0005:00001670       __imp__cvResize            00442670     opencv_imgproc244d:opencv_imgproc244d.dll
 0005:00001674       __imp__cvCvtColor          00442674     opencv_imgproc244d:opencv_imgproc244d.dll
 0005:00001678       __imp__cvEqualizeHist      00442678     opencv_imgproc244d:opencv_imgproc244d.dll
 0005:0000167c       \177opencv_imgproc244d_NULL_THUNK_DATA 0044267c     opencv_imgproc244d:opencv_imgproc244d.dll
 0005:000016a8       __imp__cvHaarDetectObjects 004426a8     opencv_objdetect244d:opencv_objdetect244d.dll
 0005:000016ac       \177opencv_objdetect244d_NULL_THUNK_DATA 004426ac     opencv_objdetect244d:opencv_objdetect244d.dll

 entry point at        0002:00001081

